ets Jul 29 2019 12:21:46

rst:0x1 (POWERON_RESET),boot:0x17 (SPI_FAST_FLASH_BOOT)
configsip: 0, SPIWP:0xee
clk_drv:0x00,q_drv:0x00,d_drv:0x00,cs0_drv:0x00,hd_drv:0x00,wp_drv:0x00
mode:DIO, clock div:2
load:0x3fff0030,len:7172
load:0x40078000,len:15540
load:0x40080400,len:4
ho 8 tail 4 room 4
load:0x40080404,len:3904
entry 0x40080640
[0;32mI (31) boot: ESP-IDF v5.2.1-dirty 2nd stage bootloader[0m
[0;32mI (31) boot: compile time May  8 2024 10:36:51[0m
[0;32mI (31) boot: Multicore bootloader[0m
[0;32mI (36) boot: chip revision: v3.1[0m
[0;32mI (40) boot.esp32: SPI Speed      : 40MHz[0m
[0;32mI (44) boot.esp32: SPI Mode       : DIO[0m
[0;32mI (49) boot.esp32: SPI Flash Size : 2MB[0m
[0;32mI (53) boot: Enabling RNG early entropy source...[0m
[0;32mI (59) boot: Partition Table:[0m
[0;32mI (62) boot: ## Label            Usage          Type ST Offset   Length[0m
[0;32mI (70) boot:  0 nvs              WiFi data        01 02 00009000 00006000[0m
[0;32mI (77) boot:  1 phy_init         RF data          01 01 0000f000 00001000[0m
[0;32mI (85) boot:  2 factory          factory app      00 00 00010000 00100000[0m
[0;32mI (92) boot: End of partition table[0m
[0;32mI (96) esp_image: segment 0: paddr=00010020 vaddr=3f400020 size=29f6ch (171884) map[0m
[0;32mI (164) esp_image: segment 1: paddr=00039f94 vaddr=3ffb0000 size=03c9ch ( 15516) load[0m
[0;32mI (170) esp_image: segment 2: paddr=0003dc38 vaddr=40080000 size=023e0h (  9184) load[0m
[0;32mI (174) esp_image: segment 3: paddr=00040020 vaddr=400d0020 size=a089ch (657564) map[0m
[0;32mI (403) esp_image: segment 4: paddr=000e08c4 vaddr=400823e0 size=15908h ( 88328) load[0m
[0;32mI (450) boot: Loaded app from partition at offset 0x10000[0m
[0;32mI (450) boot: Disabling RNG early entropy source...[0m
[0;32mI (461) cpu_start: Multicore app[0m
[0;32mI (470) cpu_start: Pro cpu start user code[0m
[0;32mI (470) cpu_start: cpu freq: 160000000 Hz[0m
[0;32mI (470) cpu_start: Application information:[0m
[0;32mI (473) cpu_start: Project name:     smart_room[0m
[0;32mI (479) cpu_start: App version:      1[0m
[0;32mI (483) cpu_start: Compile time:     May 26 2024 17:14:11[0m
[0;32mI (489) cpu_start: ELF file SHA256:  c5aa68c4c...[0m
[0;32mI (494) cpu_start: ESP-IDF:          v5.2.1-dirty[0m
[0;32mI (500) cpu_start: Min chip rev:     v0.0[0m
[0;32mI (505) cpu_start: Max chip rev:     v3.99 [0m
[0;32mI (509) cpu_start: Chip rev:         v3.1[0m
[0;32mI (514) heap_init: Initializing. RAM available for dynamic allocation:[0m
[0;32mI (521) heap_init: At 3FFAE6E0 len 00001920 (6 KiB): DRAM[0m
[0;32mI (527) heap_init: At 3FFB8428 len 00027BD8 (158 KiB): DRAM[0m
[0;32mI (534) heap_init: At 3FFE0440 len 00003AE0 (14 KiB): D/IRAM[0m
[0;32mI (540) heap_init: At 3FFE4350 len 0001BCB0 (111 KiB): D/IRAM[0m
[0;32mI (546) heap_init: At 40097CE8 len 00008318 (32 KiB): IRAM[0m
[0;32mI (554) spi_flash: detected chip: generic[0m
[0;32mI (557) spi_flash: flash io: dio[0m
[0;33mW (561) spi_flash: Detected size(4096k) larger than the size in the binary image header(2048k). Using the size in the binary image header.[0m
[0;33mW (575) i2c: This driver is an old driver, please migrate your application code to adapt `driver/i2c_master.h`[0m
[0;33mW (585) timer_group: legacy driver is deprecated, please migrate to `driver/gptimer.h`[0m
[0;33mW (594) ADC: legacy driver is deprecated, please migrate to `esp_adc/adc_oneshot.h`[0m
[0;32mI (603) main_task: Started on CPU0[0m
[0;32mI (613) main_task: Calling app_main()[0m
[0;32mI (613) uart: queue free spaces: 20[0m
I (673) wifi:wifi driver task: 3ffc13d4, prio:23, stack:6656, core=0
I (693) wifi:wifi firmware version: a9f5b59
I (693) wifi:wifi certification version: v7.0
I (693) wifi:config NVS flash: enabled
I (693) wifi:config nano formating: disabled
I (703) wifi:Init data frame dynamic rx buffer num: 32
I (703) wifi:Init static rx mgmt buffer num: 5
I (713) wifi:Init management short buffer num: 32
I (713) wifi:Init dynamic tx buffer num: 32
I (723) wifi:Init static rx buffer size: 1600
I (723) wifi:Init static rx buffer num: 10
I (723) wifi:Init dynamic rx buffer num: 32
[0;32mI (733) wifi_init: rx ba win: 6[0m
[0;32mI (733) wifi_init: tcpip mbox: 32[0m
[0;32mI (743) wifi_init: udp mbox: 6[0m
[0;32mI (743) wifi_init: tcp mbox: 6[0m
[0;32mI (743) wifi_init: tcp tx win: 5760[0m
[0;32mI (753) wifi_init: tcp rx win: 5760[0m
[0;32mI (753) wifi_init: tcp mss: 1440[0m
[0;32mI (753) wifi_init: WiFi IRAM OP enabled[0m
[0;32mI (763) wifi_init: WiFi RX IRAM OP enabled[0m
[0;32mI (773) phy_init: phy_version 4791,2c4672b,Dec 20 2023,16:06:06[0m
I (863) wifi:mode : sta (a0:dd:6c:86:05:18)
I (863) wifi:enable tsf
handlehandlewifi connectI (883) wifi:new:<10,2>, old:<1,0>, ap:<255,255>, sta:<10,2>, prof:1
I (883) wifi:state: init -> auth (b0)
handleI (893) wifi:state: auth -> assoc (0)
I (903) wifi:state: assoc -> run (10)
W (993) wifi:[ADDBA]rx delba, code:39, delete tid:0
W (1003) wifi:[ADDBA]rx delba, code:39, delete tid:0
I (1013) wifi:connected with be Moon, aid = 8, channel 10, 40D, bssid = b0:4e:26:bf:7b:86
I (1013) wifi:security: WPA2-PSK, phy: bgn, rssi: -45
I (1013) wifi:pm start, type: 1

I (1013) wifi:dp: 1, bi: 102400, li: 3, scale listen interval from 307200 us to 307200 us
handleI (1033) wifi:AP's beacon interval = 102400 us, DTIM period = 1
I (1043) wifi:<ba-add>idx:0 (ifx:0, b0:4e:26:bf:7b:86), tid:0, ssn:3, winSize:64
[0;32mI (2523) esp_netif_handlers: sta ip: 192.168.0.109, mask: 255.255.255.0, gw: 192.168.0.1[0m
handle[0;32mI (2523) MQTT_EXAMPLE: STARTING MQTT[0m
[0;32mI (2523) wifi station: got ip:192.168.0.109[0m
[0;32mI (2523) MQTT_EXAMPLE: Other event id:7[0m
[0;32mI (2533) wifi station: connected to ap SSID:be Moon password:yeubemoon[0m
[0;32mI (2543) gpio: GPIO[14]| InputEn: 0| OutputEn: 1| OpenDrain: 0| Pullup: 1| Pulldown: 0| Intr:0 [0m
[0;32mI (2553) gpio: GPIO[13]| InputEn: 0| OutputEn: 1| OpenDrain: 0| Pullup: 1| Pulldown: 0| Intr:0 [0m
[0;32mI (2563) gpio: GPIO[4]| InputEn: 0| OutputEn: 1| OpenDrain: 0| Pullup: 1| Pulldown: 0| Intr:0 [0m
[0;32mI (2573) gpio: GPIO[5]| InputEn: 0| OutputEn: 1| OpenDrain: 0| Pullup: 1| Pulldown: 0| Intr:0 [0m
[0;32mI (2573) gpio: GPIO[18]| InputEn: 1| OutputEn: 0| OpenDrain: 0| Pullup: 1| Pulldown: 0| Intr:0 [0m
uart task 
mqtt task 
 uart AT
OK

[0;31mE (3663) esp-tls: [sock=54] delayed connect error: Connection reset by peer[0m
[0;31mE (3663) transport_base: Failed to open a new connection: 32772[0m
[0;31mE (3663) mqtt_client: Error transport connect[0m
[0;32mI (3673) MQTT_EXAMPLE: MQTT_EVENT_ERROR[0m
[0;32mI (3673) MQTT_EXAMPLE: MQTT_EVENT_DISCONNECTED[0m
AT
OK
 
 uart AT+CSQ
+CSQ: 0,0

OK

 uart 
Call Ready
 0,0

OK


Call Ready
 0,0

OK
 
 uart AT+CREG?
+CREG: 0,2

OK

 uart 
SMS Ready
REG: 0,2

OK


SMS Ready
REG: 0,2

OK
 
 uart AT+CREG=1
OK
: 0,2

OK

AT+CREG=1
OK
: 0,2

OK
 
AT+CREG=1
OK
: 0,2

OK
 
respond timeout 
error2 time out  i = 0 , j = 0
adc2 value 1168 
adc2 value 4095 
respond error 
error2 time out  i = 0 , j = 6
adc2 value 1168 
adc2 value 4095 
DHT22_value temp = 360 
DHT22_value humi = 697 
Temp :36.0Â°C 
Humi :69.7% 
adc2 value 1168 
adc2 value 4095 
error2 time out  i = 0 , j = 1
adc2 value 1148 
adc2 value 4095 
[0;32mI (18683) MQTT_EXAMPLE: Other event id:7[0m
[0;31mE (18873) esp-tls: [sock=54] delayed connect error: Connection reset by peer[0m
[0;31mE (18873) transport_base: Failed to open a new connection: 32772[0m
[0;31mE (18883) mqtt_client: Error transport connect[0m
[0;32mI (18883) MQTT_EXAMPLE: MQTT_EVENT_ERROR[0m
[0;32mI (18893) MQTT_EXAMPLE: MQTT_EVENT_DISCONNECTED[0m
DHT22_value temp = 359 
DHT22_value humi = 696 
Temp :35.9Â°C 
Humi :69.6% 
adc2 value 1158 
adc2 value 4095 
DHT22_value temp = 359 
DHT22_value humi = 697 
Temp :35.9Â°C 
Humi :69.7% 
adc2 value 1165 
adc2 value 4095 
DHT22_value temp = 359 
DHT22_value humi = 697 
Temp :35.9Â°C 
Humi :69.7% 
adc2 value 1151 
adc2 value 4095 
