<��x�x�xxx�ets Jul 29 2019 12:21:46

rst:0x1 (POWERON_RESET),boot:0x17 (SPI_FAST_FLASH_BOOT)
configsip: 0, SPIWP:0xee
clk_drv:0x00,q_drv:0x00,d_drv:0x00,cs0_drv:0x00,hd_drv:0x00,wp_drv:0x00
mode:DIO, clock div:2
load:0x3fff0030,len:7172
load:0x40078000,len:15540
load:0x40080400,len:4
ho 8 tail 4 room 4
load:0x40080404,len:3904
entry 0x40080640
[0;32mI (31) boot: ESP-IDF v5.2.1-dirty 2nd stage bootloader[0m
[0;32mI (31) boot: compile time May  8 2024 10:36:51[0m
[0;32mI (31) boot: Multicore bootloader[0m
[0;32mI (36) boot: chip revision: v3.1[0m
[0;32mI (40) boot.esp32: SPI Speed      : 40MHz[0m
[0;32mI (44) boot.esp32: SPI Mode       : DIO[0m
[0;32mI (49) boot.esp32: SPI Flash Size : 2MB[0m
[0;32mI (53) boot: Enabling RNG early entropy source...[0m
[0;32mI (59) boot: Partition Table:[0m
[0;32mI (62) boot: ## Label            Usage          Type ST Offset   Length[0m
[0;32mI (70) boot:  0 nvs              WiFi data        01 02 00009000 00006000[0m
[0;32mI (77) boot:  1 phy_init         RF data          01 01 0000f000 00001000[0m
[0;32mI (85) boot:  2 factory          factory app      00 00 00010000 00100000[0m
[0;32mI (92) boot: End of partition table[0m
[0;32mI (96) esp_image: segment 0: paddr=00010020 vaddr=3f400020 size=0a328h ( 41768) map[0m
[0;32mI (119) esp_image: segment 1: paddr=0001a350 vaddr=3ffb0000 size=02264h (  8804) load[0m
[0;32mI (123) esp_image: segment 2: paddr=0001c5bc vaddr=40080000 size=03a5ch ( 14940) load[0m
[0;32mI (131) esp_image: segment 3: paddr=00020020 vaddr=400d0020 size=14edch ( 85724) map[0m
[0;32mI (163) esp_image: segment 4: paddr=00034f04 vaddr=40083a5c size=08cc0h ( 36032) load[0m
[0;32mI (183) boot: Loaded app from partition at offset 0x10000[0m
[0;32mI (183) boot: Disabling RNG early entropy source...[0m
[0;32mI (195) cpu_start: Multicore app[0m
[0;32mI (204) cpu_start: Pro cpu start user code[0m
[0;32mI (204) cpu_start: cpu freq: 160000000 Hz[0m
[0;32mI (204) cpu_start: Application information:[0m
[0;32mI (207) cpu_start: Project name:     smart_room[0m
[0;32mI (212) cpu_start: App version:      1[0m
[0;32mI (216) cpu_start: Compile time:     May  8 2024 10:36:30[0m
[0;32mI (222) cpu_start: ELF file SHA256:  b24b6cbf6...[0m
[0;32mI (228) cpu_start: ESP-IDF:          v5.2.1-dirty[0m
[0;32mI (233) cpu_start: Min chip rev:     v0.0[0m
[0;32mI (238) cpu_start: Max chip rev:     v3.99 [0m
[0;32mI (243) cpu_start: Chip rev:         v3.1[0m
[0;32mI (248) heap_init: Initializing. RAM available for dynamic allocation:[0m
[0;32mI (255) heap_init: At 3FFAE6E0 len 00001920 (6 KiB): DRAM[0m
[0;32mI (261) heap_init: At 3FFB2B48 len 0002D4B8 (181 KiB): DRAM[0m
[0;32mI (267) heap_init: At 3FFE0440 len 00003AE0 (14 KiB): D/IRAM[0m
[0;32mI (273) heap_init: At 3FFE4350 len 0001BCB0 (111 KiB): D/IRAM[0m
[0;32mI (280) heap_init: At 4008C71C len 000138E4 (78 KiB): IRAM[0m
[0;32mI (287) spi_flash: detected chip: generic[0m
[0;32mI (291) spi_flash: flash io: dio[0m
[0;33mW (295) spi_flash: Detected size(4096k) larger than the size in the binary image header(2048k). Using the size in the binary image header.[0m
[0;33mW (308) timer_group: legacy driver is deprecated, please migrate to `driver/gptimer.h`[0m
[0;32mI (317) main_task: Started on CPU0[0m
[0;32mI (327) main_task: Calling app_main()[0m
[0;32mI (327) gpio: GPIO[4]| InputEn: 0| OutputEn: 1| OpenDrain: 0| Pullup: 1| Pulldown: 0| Intr:0 [0m
[0;32mI (337) gpio: GPIO[4]| InputEn: 1| OutputEn: 0| OpenDrain: 0| Pullup: 1| Pulldown: 0| Intr:0 [0m
error2 time out  i = 64 , j = 1
error2 time out  i = 128 , j = 0
error2 time out  i = 128 , j = 0
error2 time out  i = 128 , j = 0
DHT22_value temp = 16 
DHT22_value humi = 0 
[0;32mI (1467) gpio: GPIO[4]| InputEn: 0| OutputEn: 1| OpenDrain: 0| Pullup: 1| Pulldown: 0| Intr:0 [0m
[0;32mI (1477) gpio: GPIO[4]| InputEn: 1| OutputEn: 0| OpenDrain: 0| Pullup: 1| Pulldown: 0| Intr:0 [0m
error2 time out  i = 64 , j = 1
error2 time out  i = 128 , j = 0
error2 time out  i = 128 , j = 0
error2 time out  i = 128 , j = 0
DHT22_value temp = 80 
DHT22_value humi = 0 
[0;32mI (2607) gpio: GPIO[4]| InputEn: 0| OutputEn: 1| OpenDrain: 0| Pullup: 1| Pulldown: 0| Intr:0 [0m
[0;32mI (2617) gpio: GPIO[4]| InputEn: 1| OutputEn: 0| OpenDrain: 0| Pullup: 1| Pulldown: 0| Intr:0 [0m
error2 time out  i = 128 , j = 0
error2 time out  i = 128 , j = 0
error2 time out  i = 128 , j = 0
error2 time out  i = 128 , j = 0
DHT22_value temp = 124 
DHT22_value humi = 0 
[0;32mI (3747) gpio: GPIO[4]| InputEn: 0| OutputEn: 1| OpenDrain: 0| Pullup: 1| Pulldown: 0| Intr:0 [0m
[0;32mI (3757) gpio: GPIO[4]| InputEn: 1| OutputEn: 0| OpenDrain: 0| Pullup: 1| Pulldown: 0| Intr:0 [0m
error2 time out  i = 64 , j = 1
error2 time out  i = 128 , j = 0
error2 time out  i = 128 , j = 0
error2 time out  i = 128 , j = 0
DHT22_value temp = 80 
DHT22_value humi = 0 
[0;32mI (4887) gpio: GPIO[4]| InputEn: 0| OutputEn: 1| OpenDrain: 0| Pullup: 1| Pulldown: 0| Intr:0 [0m
[0;32mI (4897) gpio: GPIO[4]| InputEn: 1| OutputEn: 0| OpenDrain: 0| Pullup: 1| Pulldown: 0| Intr:0 [0m
error2 time out  i = 64 , j = 1
error2 time out  i = 128 , j = 0
error2 time out  i = 128 , j = 0
error2 time out  i = 128 , j = 0
DHT22_value temp = 80 
DHT22_value humi = 0 
[0;32mI (6027) gpio: GPIO[4]| InputEn: 0| OutputEn: 1| OpenDrain: 0| Pullup: 1| Pulldown: 0| Intr:0 [0m
[0;32mI (6037) gpio: GPIO[4]| InputEn: 1| OutputEn: 0| OpenDrain: 0| Pullup: 1| Pulldown: 0| Intr:0 [0m
error2 time out  i = 64 , j = 1
error2 time out  i = 128 , j = 0
error2 time out  i = 128 , j = 0
error2 time out  i = 128 , j = 0
DHT22_value temp = 80 
DHT22_value humi = 0 
[0;32mI (7167) gpio: GPIO[4]| InputEn: 0| OutputEn: 1| OpenDrain: 0| Pullup: 1| Pulldown: 0| Intr:0 [0m
[0;32mI (7177) gpio: GPIO[4]| InputEn: 1| OutputEn: 0| OpenDrain: 0| Pullup: 1| Pulldown: 0| Intr:0 [0m
error2 time out  i = 64 , j = 1
error2 time out  i = 128 , j = 0
error2 time out  i = 128 , j = 0
error2 time out  i = 128 , j = 0
DHT22_value temp = 80 
DHT22_value humi = 0 
[0;32mI (8307) gpio: GPIO[4]| InputEn: 0| OutputEn: 1| OpenDrain: 0| Pullup: 1| Pulldown: 0| Intr:0 [0m
[0;32mI (8317) gpio: GPIO[4]| InputEn: 1| OutputEn: 0| OpenDrain: 0| Pullup: 1| Pulldown: 0| Intr:0 [0m
error2 time out  i = 64 , j = 1
error2 time out  i = 128 , j = 0
error2 time out  i = 128 , j = 0
error2 time out  i = 128 , j = 0
DHT22_value temp = 80 
DHT22_value humi = 0 
[0;32mI (9447) gpio: GPIO[4]| InputEn: 0| OutputEn: 1| OpenDrain: 0| Pullup: 1| Pulldown: 0| Intr:0 [0m
[0;32mI (9457) gpio: GPIO[4]| InputEn: 1| OutputEn: 0| OpenDrain: 0| Pullup: 1| Pulldown: 0| Intr:0 [0m
error2 time out  i = 64 , j = 1
error2 time out  i = 128 , j = 0
error2 time out  i = 128 , j = 0
error2 time out  i = 128 , j = 0
DHT22_value temp = 80 
DHT22_value humi = 0 
[0;32mI (10587) gpio: GPIO[4]| InputEn: 0| OutputEn: 1| OpenDrain: 0| Pullup: 1| Pulldown: 0| Intr:0 [0m
[0;32mI (10597) gpio: GPIO[4]| InputEn: 1| OutputEn: 0| OpenDrain: 0| Pullup: 1| Pulldown: 0| Intr:0 [0m
error2 time out  i = 64 , j = 1
error2 time out  i = 128 , j = 0
error2 time out  i = 128 , j = 0
error2 time out  i = 128 , j = 0
DHT22_value temp = 80 
DHT22_value humi = 0 
[0;32mI (11727) gpio: GPIO[4]| InputEn: 0| OutputEn: 1| OpenDrain: 0| Pullup: 1| Pulldown: 0| Intr:0 [0m
[0;32mI (11737) gpio: GPIO[4]| InputEn: 1| OutputEn: 0| OpenDrain: 0| Pullup: 1| Pulldown: 0| Intr:0 [0m
error2 time out  i = 64 , j = 1
error2 time out  i = 128 , j = 0
error2 time out  i = 128 , j = 0
error2 time out  i = 128 , j = 0
DHT22_value temp = 80 
DHT22_value humi = 0 
[0;32mI (12867) gpio: GPIO[4]| InputEn: 0| OutputEn: 1| OpenDrain: 0| Pullup: 1| Pulldown: 0| Intr:0 [0m
[0;32mI (12877) gpio: GPIO[4]| InputEn: 1| OutputEn: 0| OpenDrain: 0| Pullup: 1| Pulldown: 0| Intr:0 [0m
error2 time out  i = 128 , j = 0
error2 time out  i = 128 , j = 0
error2 time out  i = 128 , j = 0
error2 time out  i = 128 , j = 0
DHT22_value temp = 82 
DHT22_value humi = 0 
[0;32mI (14007) gpio: GPIO[4]| InputEn: 0| OutputEn: 1| OpenDrain: 0| Pullup: 1| Pulldown: 0| Intr:0 [0m
[0;32mI (14017) gpio: GPIO[4]| InputEn: 1| OutputEn: 0| OpenDrain: 0| Pullup: 1| Pulldown: 0| Intr:0 [0m
error2 time out  i = 64 , j = 1
error2 time out  i = 128 , j = 0
error2 time out  i = 128 , j = 0
error2 time out  i = 128 , j = 0
DHT22_value temp = 80 
DHT22_value humi = 0 
[0;32mI (15147) gpio: GPIO[4]| InputEn: 0| OutputEn: 1| OpenDrain: 0| Pullup: 1| Pulldown: 0| Intr:0 [0m
[0;32mI (15157) gpio: GPIO[4]| InputEn: 1| OutputEn: 0| OpenDrain: 0| Pullup: 1| Pulldown: 0| Intr:0 [0m
error2 time out  i = 64 , j = 1
error2 time out  i = 128 , j = 0
error2 time out  i = 128 , j = 0
error2 time out  i = 128 , j = 0
DHT22_value temp = 80 
DHT22_value humi = 0 
