xxxxï¿½xX[0;32mI (13) boot: ESP-IDF v5.2.1-dirty 2nd stage bootloader[0m
[0;32mI (13) boot: compile time May  8 2024 10:36:51[0m
[0;32mI (13) boot: Multicore bootloader[0m
[0;32mI (17) boot: chip revision: v3.1[0m
[0;32mI (21) boot.esp32: SPI Speed      : 40MHz[0m
[0;32mI (26) boot.esp32: SPI Mode       : DIO[0m
[0;32mI (30) boot.esp32: SPI Flash Size : 2MB[0m
[0;32mI (35) boot: Enabling RNG early entropy source...[0m
[0;32mI (40) boot: Partition Table:[0m
[0;32mI (44) boot: ## Label            Usage          Type ST Offset   Length[0m
[0;32mI (51) boot:  0 nvs              WiFi data        01 02 00009000 00006000[0m
[0;32mI (58) boot:  1 phy_init         RF data          01 01 0000f000 00001000[0m
[0;32mI (66) boot:  2 factory          factory app      00 00 00010000 00100000[0m
[0;32mI (73) boot: End of partition table[0m
[0;32mI (78) esp_image: segment 0: paddr=00010020 vaddr=3f400020 size=0d56ch ( 54636) map[0m
[0;32mI (105) esp_image: segment 1: paddr=0001d594 vaddr=3ffb0000 size=022bch (  8892) load[0m
[0;32mI (108) esp_image: segment 2: paddr=0001f858 vaddr=40080000 size=007c0h (  1984) load[0m
[0;32mI (111) esp_image: segment 3: paddr=00020020 vaddr=400d0020 size=18f80h (102272) map[0m
[0;32mI (154) esp_image: segment 4: paddr=00038fa8 vaddr=400807c0 size=0c704h ( 50948) load[0m
[0;32mI (181) boot: Loaded app from partition at offset 0x10000[0m
[0;32mI (181) boot: Disabling RNG early entropy source...[0m
[0;32mI (192) cpu_start: Multicore app[0m
[0;32mI (201) cpu_start: Pro cpu start user code[0m
[0;32mI (201) cpu_start: cpu freq: 160000000 Hz[0m
[0;32mI (201) cpu_start: Application information:[0m
[0;32mI (204) cpu_start: Project name:     smart_room[0m
[0;32mI (209) cpu_start: App version:      1[0m
[0;32mI (214) cpu_start: Compile time:     May 26 2024 17:14:11[0m
[0;32mI (220) cpu_start: ELF file SHA256:  5f0d229ad...[0m
[0;32mI (225) cpu_start: ESP-IDF:          v5.2.1-dirty[0m
[0;32mI (231) cpu_start: Min chip rev:     v0.0[0m
[0;32mI (235) cpu_start: Max chip rev:     v3.99 [0m
[0;32mI (240) cpu_start: Chip rev:         v3.1[0m
[0;32mI (245) heap_init: Initializing. RAM available for dynamic allocation:[0m
[0;32mI (252) heap_init: At 3FFAE6E0 len 00001920 (6 KiB): DRAM[0m
[0;32mI (258) heap_init: At 3FFB2BF8 len 0002D408 (181 KiB): DRAM[0m
[0;32mI (264) heap_init: At 3FFE0440 len 00003AE0 (14 KiB): D/IRAM[0m
[0;32mI (271) heap_init: At 3FFE4350 len 0001BCB0 (111 KiB): D/IRAM[0m
[0;32mI (277) heap_init: At 4008CEC4 len 0001313C (76 KiB): IRAM[0m
[0;32mI (285) spi_flash: detected chip: generic[0m
[0;32mI (288) spi_flash: flash io: dio[0m
[0;33mW (292) spi_flash: Detected size(4096k) larger than the size in the binary image header(2048k). Using the size in the binary image header.[0m
[0;33mW (305) timer_group: legacy driver is deprecated, please migrate to `driver/gptimer.h`[0m
[0;33mW (314) ADC: legacy driver is deprecated, please migrate to `esp_adc/adc_oneshot.h`[0m
[0;32mI (323) main_task: Started on CPU0[0m
[0;32mI (333) main_task: Calling app_main()[0m
[0;32mI (383) gpio: GPIO[4]| InputEn: 0| OutputEn: 1| OpenDrain: 0| Pullup: 1| Pulldown: 0| Intr:0 [0m
DHT22_value temp = 326 
DHT22_value humi = 834 
adc value 1555 
adc value 1559 
adc value 1558 
adc value 1535 
adc value 1553 
value 1552 
DHT22_value temp = 326 
DHT22_value humi = 834 
adc value 1558 
adc value 1560 
adc value 1555 
adc value 1563 
adc value 1561 
value 1559 
DHT22_value temp = 326 
DHT22_value humi = 834 
adc value 1556 
adc value 1559 
adc value 1563 
adc value 1563 
adc value 1561 
value 1560 
DHT22_value temp = 326 
DHT22_value humi = 834 
adc value 1535 
adc value 1555 
adc value 1558 
adc value 1554 
adc value 1557 
value 1551 
DHT22_value temp = 326 
DHT22_value humi = 834 
adc value 1552 
adc value 1557 
adc value 1555 
adc value 1562 
adc value 1561 
value 1557 
DHT22_value temp = 326 
DHT22_value humi = 834 
adc value 1535 
adc value 1556 
adc value 1554 
adc value 1555 
adc value 1553 
value 1550 
