ets Jul 29 2019 12:21:46

rst:0x1 (POWERON_RESET),boot:0x13 (SPI_FAST_FLASH_BOOT)
configsip: 0, SPIWP:0xee
clk_drv:0x00,q_drv:0x00,d_drv:0x00,cs0_drv:0x00,hd_drv:0x00,wp_drv:0x00
mode:DIO, clock div:2
load:0x3fff0030,len:7172
load:0x40078000,len:15540
load:0x40080400,len:4
ho 8 tail 4 room 4
load:0x40080404,len:3904
entry 0x40080640
[0;32mI (31) boot: ESP-IDF v5.2.1-dirty 2nd stage bootloader[0m
[0;32mI (31) boot: compile time Apr 30 2024 09:37:04[0m
[0;32mI (31) boot: Multicore bootloader[0m
[0;32mI (36) boot: chip revision: v3.1[0m
[0;32mI (40) boot.esp32: SPI Speed      : 40MHz[0m
[0;32mI (44) boot.esp32: SPI Mode       : DIO[0m
[0;32mI (49) boot.esp32: SPI Flash Size : 4MB[0m
[0;32mI (53) boot: Enabling RNG early entropy source...[0m
[0;32mI (59) boot: Partition Table:[0m
[0;32mI (62) boot: ## Label            Usage          Type ST Offset   Length[0m
[0;32mI (70) boot:  0 nvs              WiFi data        01 02 00009000 00006000[0m
[0;32mI (77) boot:  1 phy_init         RF data          01 01 0000f000 00001000[0m
[0;32mI (85) boot:  2 factory          factory app      00 00 00010000 00100000[0m
[0;32mI (92) boot: End of partition table[0m
[0;32mI (96) esp_image: segment 0: paddr=00010020 vaddr=3f400020 size=291b4h (168372) map[0m
[0;32mI (162) esp_image: segment 1: paddr=000391dc vaddr=3ffb0000 size=03cfch ( 15612) load[0m
[0;32mI (168) esp_image: segment 2: paddr=0003cee0 vaddr=40080000 size=03138h ( 12600) load[0m
[0;32mI (174) esp_image: segment 3: paddr=00040020 vaddr=400d0020 size=9e0a4h (647332) map[0m
[0;32mI (398) esp_image: segment 4: paddr=000de0cc vaddr=40083138 size=1484ch ( 84044) load[0m
[0;32mI (443) boot: Loaded app from partition at offset 0x10000[0m
[0;32mI (443) boot: Disabling RNG early entropy source...[0m
[0;32mI (455) cpu_start: Multicore app[0m
[0;32mI (464) cpu_start: Pro cpu start user code[0m
[0;32mI (464) cpu_start: cpu freq: 160000000 Hz[0m
[0;32mI (464) cpu_start: Application information:[0m
[0;32mI (467) cpu_start: Project name:     smart_door_lock[0m
[0;32mI (472) cpu_start: App version:      1[0m
[0;32mI (477) cpu_start: Compile time:     Apr 30 2024 09:36:52[0m
[0;32mI (483) cpu_start: ELF file SHA256:  70375d126e4ce71c...[0m
[0;32mI (489) cpu_start: ESP-IDF:          v5.2.1-dirty[0m
[0;32mI (494) cpu_start: Min chip rev:     v0.0[0m
[0;32mI (499) cpu_start: Max chip rev:     v3.99 [0m
[0;32mI (504) cpu_start: Chip rev:         v3.1[0m
[0;32mI (509) heap_init: Initializing. RAM available for dynamic allocation:[0m
[0;32mI (516) heap_init: At 3FFAE6E0 len 00001920 (6 KiB): DRAM[0m
[0;32mI (522) heap_init: At 3FFB8530 len 00027AD0 (158 KiB): DRAM[0m
[0;32mI (528) heap_init: At 3FFE0440 len 00003AE0 (14 KiB): D/IRAM[0m
[0;32mI (534) heap_init: At 3FFE4350 len 0001BCB0 (111 KiB): D/IRAM[0m
[0;32mI (541) heap_init: At 40097984 len 0000867C (33 KiB): IRAM[0m
[0;32mI (549) spi_flash: detected chip: generic[0m
[0;32mI (552) spi_flash: flash io: dio[0m
[0;33mW (556) i2c: This driver is an old driver, please migrate your application code to adapt `driver/i2c_master.h`[0m
[0;32mI (567) main_task: Started on CPU0[0m
[0;32mI (577) main_task: Calling app_main()[0m
Start
I (637) wifi:wifi driver task: 3ffc05d8, prio:23, stack:6656, core=0
I (657) wifi:wifi firmware version: a9f5b59
I (657) wifi:wifi certification version: v7.0
I (657) wifi:config NVS flash: enabled
I (657) wifi:config nano formating: disabled
I (667) wifi:Init data frame dynamic rx buffer num: 32
I (667) wifi:Init static rx mgmt buffer num: 5
I (677) wifi:Init management short buffer num: 32
I (677) wifi:Init dynamic tx buffer num: 32
I (687) wifi:Init static rx buffer size: 1600
I (687) wifi:Init static rx buffer num: 10
I (687) wifi:Init dynamic rx buffer num: 32
[0;32mI (697) wifi_init: rx ba win: 6[0m
[0;32mI (697) wifi_init: tcpip mbox: 32[0m
[0;32mI (707) wifi_init: udp mbox: 6[0m
[0;32mI (707) wifi_init: tcp mbox: 6[0m
[0;32mI (707) wifi_init: tcp tx win: 5760[0m
[0;32mI (717) wifi_init: tcp rx win: 5760[0m
[0;32mI (717) wifi_init: tcp mss: 1440[0m
[0;32mI (727) wifi_init: WiFi IRAM OP enabled[0m
[0;32mI (727) wifi_init: WiFi RX IRAM OP enabled[0m
[0;32mI (737) phy_init: phy_version 4791,2c4672b,Dec 20 2023,16:06:06[0m
I BOD: Brownout detector was triggered


ets Jul 29 2019 12:21:46

rst:0xc (SW_CPU_RESET),boot:0x13 (SPI_FAST_FLASH_BOOT)
configsip: 0, SPIWP:0xee
clk_drv:0x00,q_drv:0x00,d_drv:0x00,cs0_drv:0x00,hd_drv:0x00,wp_drv:0x00
mode:DIO, clock div:2
load:0x3fff0030,len:7172
load:0x40078000,len:15540
load:0x40080400,len:4
ho 8 tail 4 room 4
load:0x40080404,len:3904
entry 0x40080640
[0;32mI (31) boot: ESP-IDF v5.2.1-dirty 2nd stage bootloader[0m
[0;32mI (31) boot: compile time Apr 30 2024 09:37:04[0m
[0;32mI (31) boot: Multicore bootloader[0m
[0;32mI (36) boot: chip revision: v3.1[0m
[0;32mI (40) boot.esp32: SPI Speed      : 40MHz[0m
[0;32mI (44) boot.esp32: SPI Mode       : DIO[0m
[0;32mI (49) boot.esp32: SPI Flash Size : 4MB[0m
[0;32mI (53) boot: Enabling RNG early entropy source...[0m
[0;32mI (59) boot: Partition Table:[0m
[0;32mI (62) boot: ## Label            Usage          Type ST Offset   Length[0m
[0;32mI (70) boot:  0 nvs              WiFi data        01 02 00009000 00006000[0m
[0;32mI (77) boot:  1 phy_init         RF data          01 01 0000f000 00001000[0m
[0;32mI (84) boot:  2 factory          factory app      00 00 00010000 00100000[0m
[0;32mI (92) boot: End of partition table[0m
[0;32mI (96) esp_image: segment 0: paddr=00010020 vaddr=3f400020 size=291b4h (168372) map[0m
[0;32mI (162) esp_image: segment 1: paddr=000391dc vaddr=3ffb0000 size=03cfch ( 15612) load[0m
[0;32mI (168) esp_image: segment 2: paddr=0003cee0 vaddr=40080000 size=03138h ( 12600) load[0m
[0;32mI (174) esp_image: segment 3: paddr=00040020 vaddr=400d0020 size=9e0a4h (647332) map[0m
[0;32mI (398) esp_image: segment 4: paddr=000de0cc vaddr=40083138 size=1484ch ( 84044) load[0m
[0;32mI (443) boot: Loaded app from partition at offset 0x10000[0m
[0;32mI (443) boot: Disabling RNG early entropy source...[0m
[0;32mI (455) cpu_start: Multicore app[0m
[0;32mI (464) cpu_start: Pro cpu start user code[0m
[0;32mI (464) cpu_start: cpu freq: 160000000 Hz[0m
[0;32mI (464) cpu_start: Application information:[0m
[0;32mI (467) cpu_start: Project name:     smart_door_lock[0m
[0;32mI (472) cpu_start: App version:      1[0m
[0;32mI (477) cpu_start: Compile time:     Apr 30 2024 09:36:52[0m
[0;32mI (483) cpu_start: ELF file SHA256:  70375d126e4ce71c...[0m
[0;32mI (489) cpu_start: ESP-IDF:          v5.2.1-dirty[0m
[0;32mI (494) cpu_start: Min chip rev:     v0.0[0m
[0;32mI (499) cpu_start: Max chip rev:     v3.99 [0m
[0;32mI (504) cpu_start: Chip rev:         v3.1[0m
[0;32mI (509) heap_init: Initializing. RAM available for dynamic allocation:[0m
[0;32mI (516) heap_init: At 3FFAE6E0 len 00001920 (6 KiB): DRAM[0m
[0;32mI (522) heap_init: At 3FFB8530 len 00027AD0 (158 KiB): DRAM[0m
[0;32mI (528) heap_init: At 3FFE0440 len 00003AE0 (14 KiB): D/IRAM[0m
[0;32mI (534) heap_init: At 3FFE4350 len 0001BCB0 (111 KiB): D/IRAM[0m
[0;32mI (541) heap_init: At 40097984 len 0000867C (33 KiB): IRAM[0m
[0;32mI (549) spi_flash: detected chip: generic[0m
[0;32mI (552) spi_flash: flash io: dio[0m
[0;33mW (556) i2c: This driver is an old driver, please migrate your application code to adapt `driver/i2c_master.h`[0m
[0;32mI (567) main_task: Started on CPU0[0m
[0;32mI (577) main_task: Calling app_main()[0m
Start
I (637) wifi:wifi driver task: 3ffc05d8, prio:23, stack:6656, core=0
I (657) wifi:wifi firmware version: a9f5b59
I (657) wifi:wifi certification version: v7.0
I (657) wifi:config NVS flash: enabled
I (657) wifi:config nano formating: disabled
I (667) wifi:Init data frame dynamic rx buffer num: 32
I (667) wifi:Init static rx mgmt buffer num: 5
I (677) wifi:Init management short buffer num: 32
I (677) wifi:Init dynamic tx buffer num: 32
I (687) wifi:Init static rx buffer size: 1600
I (687) wifi:Init static rx buffer num: 10
I (687) wifi:Init dynamic rx buffer num: 32
[0;32mI (697) wifi_init: rx ba win: 6[0m
[0;32mI (697) wifi_init: tcpip mbox: 32[0m
[0;32mI (707) wifi_init: udp mbox: 6[0m
[0;32mI (707) wifi_init: tcp mbox: 6[0m
[0;32mI (707) wifi_init: tcp tx win: 5760[0m
[0;32mI (717) wifi_init: tcp rx win: 5760[0m
[0;32mI (717) wifi_init: tcp mss: 1440[0m
[0;32mI (727) wifi_init: WiFi IRAM OP enabled[0m
[0;32mI (727) wifi_init: WiFi RX IRAM OP enabled[0m
[0;32mI (737) phy_init: phy_version 4791,2c4672b,Dec 20 2023,16:06:06[0m
I BOD: Brownout detector was triggered


ets Jul 29 2019 12:21:46

rst:0xc (SW_CPU_RESET),boot:0x13 (SPI_FAST_FLASH_BOOT)
configsip: 0, SPIWP:0xee
clk_drv:0x00,q_drv:0x00,d_drv:0x00,cs0_drv:0x00,hd_drv:0x00,wp_drv:0x00
mode:DIO, clock div:2
load:0x3fff0030,len:7172
load:0x40078000,len:15540
load:0x40080400,len:4
ho 8 tail 4 room 4
load:0x40080404,len:3904
entry 0x40080640
[0;32mI (31) boot: ESP-IDF v5.2.1-dirty 2nd stage bootloader[0m
[0;32mI (31) boot: compile time Apr 30 2024 09:37:04[0m
[0;32mI (31) boot: Multicore bootloader[0m
[0;32mI (36) boot: chip revision: v3.1[0m
[0;32mI (40) boot.esp32: SPI Speed      : 40MHz[0m
[0;32mI (44) boot.esp32: SPI Mode       : DIO[0m
[0;32mI (49) boot.esp32: SPI Flash Size : 4MB[0m
[0;32mI (53) boot: Enabling RNG early entropy source...[0m
[0;32mI (59) boot: Partition Table:[0m
[0;32mI (62) boot: ## Label            Usage          Type ST Offset   Length[0m
[0;32mI (70) boot:  0 nvs              WiFi data        01 02 00009000 00006000[0m
[0;32mI (77) boot:  1 phy_init         RF data          01 01 0000f000 00001000[0m
[0;32mI (84) boot:  2 factory          factory app      00 00 00010000 00100000[0m
[0;32mI (92) boot: End of partition table[0m
[0;32mI (96) esp_image: segment 0: paddr=00010020 vaddr=3f400020 size=291b4h (168372) map[0m
[0;32mI (162) esp_image: segment 1: paddr=000391dc vaddr=3ffb0000 size=03cfch ( 15612) load[0m
[0;32mI (168) esp_image: segment 2: paddr=0003cee0 vaddr=40080000 size=03138h ( 12600) load[0m
[0;32mI (174) esp_image: segment 3: paddr=00040020 vaddr=400d0020 size=9e0a4h (647332) map[0m
[0;32mI (398) esp_image: segment 4: paddr=000de0cc vaddr=40083138 size=1484ch ( 84044) load[0m
[0;32mI (443) boot: Loaded app from partition at offset 0x10000[0m
[0;32mI (443) boot: Disabling RNG early entropy source...[0m
[0;32mI (455) cpu_start: Multicore app[0m
[0;32mI (464) cpu_start: Pro cpu start user code[0m
[0;32mI (464) cpu_start: cpu freq: 160000000 Hz[0m
[0;32mI (464) cpu_start: Application information:[0m
[0;32mI (467) cpu_start: Project name:     smart_door_lock[0m
[0;32mI (472) cpu_start: App version:      1[0m
[0;32mI (477) cpu_start: Compile time:     Apr 30 2024 09:36:52[0m
[0;32mI (483) cpu_start: ELF file SHA256:  70375d126e4ce71c...[0m
[0;32mI (489) cpu_start: ESP-IDF:          v5.2.1-dirty[0m
[0;32mI (494) cpu_start: Min chip rev:     v0.0[0m
[0;32mI (499) cpu_start: Max chip rev:     v3.99 [0m
[0;32mI (504) cpu_start: Chip rev:         v3.1[0m
[0;32mI (509) heap_init: Initializing. RAM available for dynamic allocation:[0m
[0;32mI (516) heap_init: At 3FFAE6E0 len 00001920 (6 KiB): DRAM[0m
[0;32mI (522) heap_init: At 3FFB8530 len 00027AD0 (158 KiB): DRAM[0m
[0;32mI (528) heap_init: At 3FFE0440 len 00003AE0 (14 KiB): D/IRAM[0m
[0;32mI (534) heap_init: At 3FFE4350 len 0001BCB0 (111 KiB): D/IRAM[0m
[0;32mI (541) heap_init: At 40097984 len 0000867C (33 KiB): IRAM[0m
[0;32mI (549) spi_flash: detected chip: generic[0m
[0;32mI (552) spi_flash: flash io: dio[0m
[0;33mW (556) i2c: This driver is an old driver, please migrate your application code to adapt `driver/i2c_master.h`[0m
[0;32mI (567) main_task: Started on CPU0[0m
[0;32mI (577) main_task: Calling app_main()[0m
Start
I (637) wifi:wifi driver task: 3ffc05d8, prio:23, stack:6656, core=0
I (657) wifi:wifi firmware version: a9f5b59
I (657) wifi:wifi certification version: v7.0
I (657) wifi:config NVS flash: enabled
I (657) wifi:config nano formating: disabled
I (667) wifi:Init data frame dynamic rx buffer num: 32
I (667) wifi:Init static rx mgmt buffer num: 5
I (677) wifi:Init management short buffer num: 32
I (677) wifi:Init dynamic tx buffer num: 32
I (687) wifi:Init static rx buffer size: 1600
I (687) wifi:Init static rx buffer num: 10
I (687) wifi:Init dynamic rx buffer num: 32
[0;32mI (697) wifi_init: rx ba win: 6[0m
[0;32mI (697) wifi_init: tcpip mbox: 32[0m
[0;32mI (707) wifi_init: udp mbox: 6[0m
[0;32mI (707) wifi_init: tcp mbox: 6[0m
[0;32mI (707) wifi_init: tcp tx win: 5760[0m
[0;32mI (717) wifi_init: tcp rx win: 5760[0m
[0;32mI (717) wifi_init: tcp mss: 1440[0m
[0;32mI (727) wifi_init: WiFi IRAM OP enabled[0m
[0;32mI (727) wifi_init: WiFi RX IRAM OP enabled[0m
[0;32mI (737) phy_init: phy_version 4791,2c4672b,Dec 20 2023,16:06:06[0m
I BOD: Brownout detector was triggered


ets Jul 29 2019 12:21:46

rst:0xc (SW_CPU_RESET),boot:0x13 (SPI_FAST_FLASH_BOOT)
configsip: 0, SPIWP:0xee
clk_drv:0x00,q_drv:0x00,d_drv:0x00,cs0_drv:0x00,hd_drv:0x00,wp_drv:0x00
mode:DIO, clock div:2
load:0x3fff0030,len:7172
load:0x40078000,len:15540
load:0x40080400,len:4
ho 8 tail 4 room 4
load:0x40080404,len:3904
entry 0x40080640
[0;32mI (31) boot: ESP-IDF v5.2.1-dirty 2nd stage bootloader[0m
[0;32mI (31) boot: compile time Apr 30 2024 09:37:04[0m
[0;32mI (31) boot: Multicore bootloader[0m
[0;32mI (36) boot: chip revision: v3.1[0m
[0;32mI (40) boot.esp32: SPI Speed      : 40MHz[0m
[0;32mI (44) boot.esp32: SPI Mode       : DIO[0m
[0;32mI (49) boot.esp32: SPI Flash Size : 4MB[0m
[0;32mI (53) boot: Enabling RNG early entropy source...[0m
[0;32mI (59) boot: Partition Table:[0m
[0;32mI (62) boot: ## Label            Usage          Type ST Offset   Length[0m
[0;32mI (70) boot:  0 nvs              WiFi data        01 02 00009000 00006000[0m
[0;32mI (77) boot:  1 phy_init         RF data          01 01 0000f000 00001000[0m
[0;32mI (84) boot:  2 factory          factory app      00 00 00010000 00100000[0m
[0;32mI (92) boot: End of partition table[0m
[0;32mI (96) esp_image: segment 0: paddr=00010020 vaddr=3f400020 size=291b4h (168372) map[0m
[0;32mI (162) esp_image: segment 1: paddr=000391dc vaddr=3ffb0000 size=03cfch ( 15612) load[0m
[0;32mI (168) esp_image: segment 2: paddr=0003cee0 vaddr=40080000 size=03138h ( 12600) load[0m
[0;32mI (174) esp_image: segment 3: paddr=00040020 vaddr=400d0020 size=9e0a4h (647332) map[0m
[0;32mI (398) esp_image: segment 4: paddr=000de0cc vaddr=40083138 size=1484ch ( 84044) load[0m
[0;32mI (443) boot: Loaded app from partition at offset 0x10000[0m
[0;32mI (443) boot: Disabling RNG early entropy source...[0m
[0;32mI (455) cpu_start: Multicore app[0m
[0;32mI (464) cpu_start: Pro cpu start user code[0m
[0;32mI (464) cpu_start: cpu freq: 160000000 Hz[0m
[0;32mI (464) cpu_start: Application information:[0m
[0;32mI (467) cpu_start: Project name:     smart_door_lock[0m
[0;32mI (472) cpu_start: App version:      1[0m
[0;32mI (477) cpu_start: Compile time:     Apr 30 2024 09:36:52[0m
[0;32mI (483) cpu_start: ELF file SHA256:  70375d126e4ce71c...[0m
[0;32mI (489) cpu_start: ESP-IDF:          v5.2.1-dirty[0m
[0;32mI (494) cpu_start: Min chip rev:     v0.0[0m
[0;32mI (499) cpu_start: Max chip rev:     v3.99 [0m
[0;32mI (504) cpu_start: Chip rev:         v3.1[0m
[0;32mI (509) heap_init: Initializing. RAM available for dynamic allocation:[0m
[0;32mI (516) heap_init: At 3FFAE6E0 len 00001920 (6 KiB): DRAM[0m
[0;32mI (522) heap_init: At 3FFB8530 len 00027AD0 (158 KiB): DRAM[0m
[0;32mI (528) heap_init: At 3FFE0440 len 00003AE0 (14 KiB): D/IRAM[0m
[0;32mI (534) heap_init: At 3FFE4350 len 0001BCB0 (111 KiB): D/IRAM[0m
[0;32mI (541) heap_init: At 40097984 len 0000867C (33 KiB): IRAM[0m
[0;32mI (549) spi_flash: detected chip: generic[0m
[0;32mI (552) spi_flash: flash io: dio[0m
[0;33mW (556) i2c: This driver is an old driver, please migrate your application code to adapt `driver/i2c_master.h`[0m
[0;32mI (567) main_task: Started on CPU0[0m
[0;32mI (577) main_task: Calling app_main()[0m
Start
I (637) wifi:wifi driver task: 3ffc05d8, prio:23, stack:6656, core=0
I (657) wifi:wifi firmware version: a9f5b59
I (657) wifi:wifi certification version: v7.0
I (657) wifi:config NVS flash: enabled
I (657) wifi:config nano formating: disabled
I (667) wifi:Init data frame dynamic rx buffer num: 32
I (667) wifi:Init static rx mgmt buffer num: 5
I (677) wifi:Init management short buffer num: 32
I (677) wifi:Init dynamic tx buffer num: 32
I (687) wifi:Init static rx buffer size: 1600
I (687) wifi:Init static rx buffer num: 10
I (687) wifi:Init dynamic rx buffer num: 32
[0;32mI (697) wifi_init: rx ba win: 6[0m
[0;32mI (697) wifi_init: tcpip mbox: 32[0m
[0;32mI (707) wifi_init: udp mbox: 6[0m
[0;32mI (707) wifi_init: tcp mbox: 6[0m
[0;32mI (707) wifi_init: tcp tx win: 5760[0m
[0;32mI (717) wifi_init: tcp rx win: 5760[0m
[0;32mI (717) wifi_init: tcp mss: 1440[0m
[0;32mI (727) wifi_init: WiFi IRAM OP enabled[0m
[0;32mI (727) wifi_init: WiFi RX IRAM OP enabled[0m
[0;32mI (737) phy_init: phy_version 4791,2c4672b,Dec 20 2023,16:06:06[0m
I BOD: Brownout detector was triggered


ets Jul 29 2019 12:21:46

rst:0xc (SW_CPU_RESET),boot:0x13 (SPI_FAST_FLASH_BOOT)
configsip: 0, SPIWP:0xee
clk_drv:0x00,q_drv:0x00,d_drv:0x00,cs0_drv:0x00,hd_drv:0x00,wp_drv:0x00
mode:DIO, clock div:2
load:0x3fff0030,len:7172
load:0x40078000,len:15540
load:0x40080400,len:4
ho 8 tail 4 room 4
load:0x40080404,len:3904
entry 0x40080640
[0;32mI (31) boot: ESP-IDF v5.2.1-dirty 2nd stage bootloader[0m
[0;32mI (31) boot: compile time Apr 30 2024 09:37:04[0m
[0;32mI (31) boot: Multicore bootloader[0m
[0;32mI (36) boot: chip revision: v3.1[0m
[0;32mI (40) boot.esp32: SPI Speed      : 40MHz[0m
[0;32mI (44) boot.esp32: SPI Mode       : DIO[0m
[0;32mI (49) boot.esp32: SPI Flash Size : 4MB[0m
[0;32mI (53) boot: Enabling RNG early entropy source...[0m
[0;32mI (59) boot: Partition Table:[0m
[0;32mI (62) boot: ## Label            Usage          Type ST Offset   Length[0m
[0;32mI (70) boot:  0 nvs              WiFi data        01 02 00009000 00006000[0m
[0;32mI (77) boot:  1 phy_init         RF data          01 01 0000f000 00001000[0m
[0;32mI (84) boot:  2 factory          factory app      00 00 00010000 00100000[0m
[0;32mI (92) boot: End of partition table[0m
[0;32mI (96) esp_image: segment 0: paddr=00010020 vaddr=3f400020 size=291b4h (168372) map[0m
[0;32mI (162) esp_image: segment 1: paddr=000391dc vaddr=3ffb0000 size=03cfch ( 15612) load[0m
[0;32mI (168) esp_image: segment 2: paddr=0003cee0 vaddr=40080000 size=03138h ( 12600) load[0m
[0;32mI (174) esp_image: segment 3: paddr=00040020 vaddr=400d0020 size=9e0a4h (647332) map[0m
[0;32mI (398) esp_image: segment 4: paddr=000de0cc vaddr=40083138 size=1484ch ( 84044) load[0m
[0;32mI (443) boot: Loaded app from partition at offset 0x10000[0m
[0;32mI (443) boot: Disabling RNG early entropy source...[0m
[0;32mI (455) cpu_start: Multicore app[0m
[0;32mI (464) cpu_start: Pro cpu start user code[0m
[0;32mI (464) cpu_start: cpu freq: 160000000 Hz[0m
[0;32mI (464) cpu_start: Application information:[0m
[0;32mI (467) cpu_start: Project name:     smart_door_lock[0m
[0;32mI (472) cpu_start: App version:      1[0m
[0;32mI (477) cpu_start: Compile time:     Apr 30 2024 09:36:52[0m
[0;32mI (483) cpu_start: ELF file SHA256:  70375d126e4ce71c...[0m
[0;32mI (489) cpu_start: ESP-IDF:          v5.2.1-dirty[0m
[0;32mI (494) cpu_start: Min chip rev:     v0.0[0m
[0;32mI (499) cpu_start: Max chip rev:     v3.99 [0m
[0;32mI (504) cpu_start: Chip rev:         v3.1[0m
[0;32mI (509) heap_init: Initializing. RAM available for dynamic allocation:[0m
[0;32mI (516) heap_init: At 3FFAE6E0 len 00001920 (6 KiB): DRAM[0m
[0;32mI (522) heap_init: At 3FFB8530 len 00027AD0 (158 KiB): DRAM[0m
[0;32mI (528) heap_init: At 3FFE0440 len 00003AE0 (14 KiB): D/IRAM[0m
[0;32mI (534) heap_init: At 3FFE4350 len 0001BCB0 (111 KiB): D/IRAM[0m
[0;32mI (541) heap_init: At 40097984 len 0000867C (33 KiB): IRAM[0m
[0;32mI (549) spi_flash: detected chip: generic[0m
[0;32mI (552) spi_flash: flash io: dio[0m
[0;33mW (556) i2c: This driver is an old driver, please migrate your application code to adapt `driver/i2c_master.h`[0m
[0;32mI (567) main_task: Started on CPU0[0m
[0;32mI (577) main_task: Calling app_main()[0m
Start
I (637) wifi:wifi driver task: 3ffc05d8, prio:23, stack:6656, core=0
I (657) wifi:wifi firmware version: a9f5b59
I (657) wifi:wifi certification version: v7.0
I (657) wifi:config NVS flash: enabled
I (657) wifi:config nano formating: disabled
I (667) wifi:Init data frame dynamic rx buffer num: 32
I (667) wifi:Init static rx mgmt buffer num: 5
I (677) wifi:Init management short buffer num: 32
I (677) wifi:Init dynamic tx buffer num: 32
I (687) wifi:Init static rx buffer size: 1600
I (687) wifi:Init static rx buffer num: 10
I (687) wifi:Init dynamic rx buffer num: 32
[0;32mI (697) wifi_init: rx ba win: 6[0m
[0;32mI (697) wifi_init: tcpip mbox: 32[0m
[0;32mI (707) wifi_init: udp mbox: 6[0m
[0;32mI (707) wifi_init: tcp mbox: 6[0m
[0;32mI (707) wifi_init: tcp tx win: 5760[0m
[0;32mI (717) wifi_init: tcp rx win: 5760[0m
[0;32mI (717) wifi_init: tcp mss: 1440[0m
[0;32mI (727) wifi_init: WiFi IRAM OP enabled[0m
[0;32mI (727) wifi_init: WiFi RX IRAM OP enabled[0m
[0;32mI (737) phy_init: phy_version 4791,2c4672b,Dec 20 2023,16:06:06[0m
I BOD: Brownout detector was triggered


ets Jul 29 2019 12:21:46

rst:0xc (SW_CPU_RESET),boot:0x13 (SPI_FAST_FLASH_BOOT)
configsip: 0, SPIWP:0xee
clk_drv:0x00,q_drv:0x00,d_drv:0x00,cs0_drv:0x00,hd_drv:0x00,wp_drv:0x00
mode:DIO, clock div:2
load:0x3fff0030,len:7172
load:0x40078000,len:15540
load:0x40080400,len:4
ho 8 tail 4 room 4
load:0x40080404,len:3904
entry 0x40080640
[0;32mI (31) boot: ESP-IDF v5.2.1-dirty 2nd stage bootloader[0m
[0;32mI (31) boot: compile time Apr 30 2024 09:37:04[0m
[0;32mI (31) boot: Multicore bootloader[0m
[0;32mI (36) boot: chip revision: v3.1[0m
[0;32mI (40) boot.esp32: SPI Speed      : 40MHz[0m
[0;32mI (44) boot.esp32: SPI Mode       : DIO[0m
[0;32mI (49) boot.esp32: SPI Flash Size : 4MB[0m
[0;32mI (53) boot: Enabling RNG early entropy source...[0m
[0;32mI (59) boot: Partition Table:[0m
[0;32mI (62) boot: ## Label            Usage          Type ST Offset   Length[0m
[0;32mI (70) boot:  0 nvs              WiFi data        01 02 00009000 00006000[0m
[0;32mI (77) boot:  1 phy_init         RF data          01 01 0000f000 00001000[0m
[0;32mI (84) boot:  2 factory          factory app      00 00 00010000 00100000[0m
[0;32mI (92) boot: End of partition table[0m
[0;32mI (96) esp_image: segment 0: paddr=00010020 vaddr=3f400020 size=291b4h (168372) map[0m
[0;32mI (162) esp_image: segment 1: paddr=000391dc vaddr=3ffb0000 size=03cfch ( 15612) load[0m
[0;32mI (168) esp_image: segment 2: paddr=0003cee0 vaddr=40080000 size=03138h ( 12600) load[0m
[0;32mI (174) esp_image: segment 3: paddr=00040020 vaddr=400d0020 size=9e0a4h (647332) map[0m
[0;32mI (398) esp_image: segment 4: paddr=000de0cc vaddr=40083138 size=1484ch ( 84044) load[0m
[0;32mI (443) boot: Loaded app from partition at offset 0x10000[0m
[0;32mI (443) boot: Disabling RNG early entropy source...[0m
[0;32mI (455) cpu_start: Multicore app[0m
[0;32mI (464) cpu_start: Pro cpu start user code[0m
[0;32mI (464) cpu_start: cpu freq: 160000000 Hz[0m
[0;32mI (464) cpu_start: Application information:[0m
[0;32mI (467) cpu_start: Project name:     smart_door_lock[0m
[0;32mI (472) cpu_start: App version:      1[0m
[0;32mI (477) cpu_start: Compile time:     Apr 30 2024 09:36:52[0m
[0;32mI (483) cpu_start: ELF file SHA256:  70375d126e4ce71c...[0m
[0;32mI (489) cpu_start: ESP-IDF:          v5.2.1-dirty[0m
[0;32mI (494) cpu_start: Min chip rev:     v0.0[0m
[0;32mI (499) cpu_start: Max chip rev:     v3.99 [0m
[0;32mI (504) cpu_start: Chip rev:         v3.1[0m
[0;32mI (509) heap_init: Initializing. RAM available for dynamic allocation:[0m
[0;32mI (516) heap_init: At 3FFAE6E0 len 00001920 (6 KiB): DRAM[0m
[0;32mI (522) heap_init: At 3FFB8530 len 00027AD0 (158 KiB): DRAM[0m
[0;32mI (528) heap_init: At 3FFE0440 len 00003AE0 (14 KiB): D/IRAM[0m
[0;32mI (534) heap_init: At 3FFE4350 len 0001BCB0 (111 KiB): D/IRAM[0m
[0;32mI (541) heap_init: At 40097984 len 0000867C (33 KiB): IRAM[0m
[0;32mI (549) spi_flash: detected chip: generic[0m
[0;32mI (552) spi_flash: flash io: dio[0m
[0;33mW (556) i2c: This driver is an old driver, please migrate your application code to adapt `driver/i2c_master.h`[0m
[0;32mI (567) main_task: Started on CPU0[0m
[0;32mI (577) main_task: Calling app_main()[0m
Start
I (637) wifi:wifi driver task: 3ffc05d8, prio:23, stack:6656, core=0
I (657) wifi:wifi firmware version: a9f5b59
I (657) wifi:wifi certification version: v7.0
I (657) wifi:config NVS flash: enabled
I (657) wifi:config nano formating: disabled
I (667) wifi:Init data frame dynamic rx buffer num: 32
I (667) wifi:Init static rx mgmt buffer num: 5
I (677) wifi:Init management short buffer num: 32
I (677) wifi:Init dynamic tx buffer num: 32
I (687) wifi:Init static rx buffer size: 1600
I (687) wifi:Init static rx buffer num: 10
I (687) wifi:Init dynamic rx buffer num: 32
[0;32mI (697) wifi_init: rx ba win: 6[0m
[0;32mI (697) wifi_init: tcpip mbox: 32[0m
[0;32mI (707) wifi_init: udp mbox: 6[0m
[0;32mI (707) wifi_init: tcp mbox: 6[0m
[0;32mI (707) wifi_init: tcp tx win: 5760[0m
[0;32mI (717) wifi_init: tcp rx win: 5760[0m
[0;32mI (717) wifi_init: tcp mss: 1440[0m
[0;32mI (727) wifi_init: WiFi IRAM OP enabled[0m
[0;32mI (727) wifi_init: WiFi RX IRAM OP enabled[0m
[0;32mI (737) phy_init: phy_version 4791,2c4672b,Dec 20 2023,16:06:06[0m
I BOD: Brownout detector was triggered


ets Jul 29 2019 12:21:46

rst:0xc (SW_CPU_RESET),boot:0x13 (SPI_FAST_FLASH_BOOT)
configsip: 0, SPIWP:0xee
clk_drv:0x00,q_drv:0x00,d_drv:0x00,cs0_drv:0x00,hd_drv:0x00,wp_drv:0x00
mode:DIO, clock div:2
load:0x3fff0030,len:7172
load:0x40078000,len:15540
load:0x40080400,len:4
ho 8 tail 4 room 4
load:0x40080404,len:3904
entry 0x40080640
[0;32mI (31) boot: ESP-IDF v5.2.1-dirty 2nd stage bootloader[0m
[0;32mI (31) boot: compile time Apr 30 2024 09:37:04[0m
[0;32mI (31) boot: Multicore bootloader[0m
[0;32mI (36) boot: chip revision: v3.1[0m
[0;32mI (40) boot.esp32: SPI Speed      : 40MHz[0m
[0;32mI (44) boot.esp32: SPI Mode       : DIO[0m
[0;32mI (49) boot.esp32: SPI Flash Size : 4MB[0m
[0;32mI (53) boot: Enabling RNG early entropy source...[0m
[0;32mI (59) boot: Partition Table:[0m
[0;32mI (62) boot: ## Label            Usage          Type ST Offset   Length[0m
[0;32mI (70) boot:  0 nvs              WiFi data        01 02 00009000 00006000[0m
[0;32mI (77) boot:  1 phy_init         RF data          01 01 0000f000 00001000[0m
[0;32mI (84) boot:  2 factory          factory app      00 00 00010000 00100000[0m
[0;32mI (92) boot: End of partition table[0m
[0;32mI (96) esp_image: segment 0: paddr=00010020 vaddr=3f400020 size=291b4h (168372) map[0m
[0;32mI (162) esp_image: segment 1: paddr=000391dc vaddr=3ffb0000 size=03cfch ( 15612) load[0m
[0;32mI (168) esp_image: segment 2: paddr=0003cee0 vaddr=40080000 size=03138h ( 12600) load[0m
[0;32mI (174) esp_image: segment 3: paddr=00040020 vaddr=400d0020 size=9e0a4h (647332) map[0m
[0;32mI (398) esp_image: segment 4: paddr=000de0cc vaddr=40083138 size=1484ch ( 84044) load[0m
[0;32mI (443) boot: Loaded app from partition at offset 0x10000[0m
[0;32mI (443) boot: Disabling RNG early entropy source...[0m
[0;32mI (455) cpu_start: Multicore app[0m
[0;32mI (464) cpu_start: Pro cpu start user code[0m
[0;32mI (464) cpu_start: cpu freq: 160000000 Hz[0m
[0;32mI (464) cpu_start: Application information:[0m
[0;32mI (467) cpu_start: Project name:     smart_door_lock[0m
[0;32mI (472) cpu_start: App version:      1[0m
[0;32mI (477) cpu_start: Compile time:     Apr 30 2024 09:36:52[0m
[0;32mI (483) cpu_start: ELF file SHA256:  70375d126e4ce71c...[0m
[0;32mI (489) cpu_start: ESP-IDF:          v5.2.1-dirty[0m
[0;32mI (494) cpu_start: Min chip rev:     v0.0[0m
[0;32mI (499) cpu_start: Max chip rev:     v3.99 [0m
[0;32mI (504) cpu_start: Chip rev:         v3.1[0m
[0;32mI (509) heap_init: Initializing. RAM available for dynamic allocation:[0m
[0;32mI (516) heap_init: At 3FFAE6E0 len 00001920 (6 KiB): DRAM[0m
[0;32mI (522) heap_init: At 3FFB8530 len 00027AD0 (158 KiB): DRAM[0m
[0;32mI (528) heap_init: At 3FFE0440 len 00003AE0 (14 KiB): D/IRAM[0m
[0;32mI (534) heap_init: At 3FFE4350 len 0001BCB0 (111 KiB): D/IRAM[0m
[0;32mI (541) heap_init: At 40097984 len 0000867C (33 KiB): IRAM[0m
[0;32mI (549) spi_flash: detected chip: generic[0m
[0;32mI (552) spi_flash: flash io: dio[0m
[0;33mW (556) i2c: This driver is an old driver, please migrate your application code to adapt `driver/i2c_master.h`[0m
[0;32mI (567) main_task: Started on CPU0[0m
[0;32mI (577) main_task: Calling app_main()[0m
Start
I (637) wifi:wifi driver task: 3ffc05d8, prio:23, stack:6656, core=0
I (657) wifi:wifi firmware version: a9f5b59
I (657) wifi:wifi certification version: v7.0
I (657) wifi:config NVS flash: enabled
I (657) wifi:config nano formating: disabled
I (667) wifi:Init data frame dynamic rx buffer num: 32
I (667) wifi:Init static rx mgmt buffer num: 5
I (677) wifi:Init management short buffer num: 32
I (677) wifi:Init dynamic tx buffer num: 32
I (687) wifi:Init static rx buffer size: 1600
I (687) wifi:Init static rx buffer num: 10
I (687) wifi:Init dynamic rx buffer num: 32
[0;32mI (697) wifi_init: rx ba win: 6[0m
[0;32mI (697) wifi_init: tcpip mbox: 32[0m
[0;32mI (707) wifi_init: udp mbox: 6[0m
[0;32mI (707) wifi_init: tcp mbox: 6[0m
[0;32mI (707) wifi_init: tcp tx win: 5760[0m
[0;32mI (717) wifi_init: tcp rx win: 5760[0m
[0;32mI (717) wifi_init: tcp mss: 1440[0m
[0;32mI (727) wifi_init: WiFi IRAM OP enabled[0m
[0;32mI (727) wifi_init: WiFi RX IRAM OP enabled[0m
[0;32mI (737) phy_init: phy_version 4791,2c4672b,Dec 20 2023,16:06:06[0m
I BOD: Brownout detector was triggered


ets Jul 29 2019 12:21:46

rst:0xc (SW_CPU_RESET),boot:0x13 (SPI_FAST_FLASH_BOOT)
configsip: 0, SPIWP:0xee
clk_drv:0x00,q_drv:0x00,d_drv:0x00,cs0_drv:0x00,hd_drv:0x00,wp_drv:0x00
mode:DIO, clock div:2
load:0x3fff0030,len:7172
load:0x40078000,len:15540
load:0x40080400,len:4
ho 8 tail 4 room 4
load:0x40080404,len:3904
entry 0x40080640
[0;32mI (31) boot: ESP-IDF v5.2.1-dirty 2nd stage bootloader[0m
[0;32mI (31) boot: compile time Apr 30 2024 09:37:04[0m
[0;32mI (31) boot: Multicore bootloader[0m
[0;32mI (36) boot: chip revision: v3.1[0m
[0;32mI (40) boot.esp32: SPI Speed      : 40MHz[0m
[0;32mI (44) boot.esp32: SPI Mode       : DIO[0m
[0;32mI (49) boot.esp32: SPI Flash Size : 4MB[0m
[0;32mI (53) boot: Enabling RNG early entropy source...[0m
[0;32mI (59) boot: Partition Table:[0m
[0;32mI (62) boot: ## Label            Usage          Type ST Offset   Length[0m
[0;32mI (70) boot:  0 nvs              WiFi data        01 02 00009000 00006000[0m
[0;32mI (77) boot:  1 phy_init         RF data          01 01 0000f000 00001000[0m
[0;32mI (84) boot:  2 factory          factory app      00 00 00010000 00100000[0m
[0;32mI (92) boot: End of partition table[0m
[0;32mI (96) esp_image: segment 0: paddr=00010020 vaddr=3f400020 size=291b4h (168372) map[0m
[0;32mI (162) esp_image: segment 1: paddr=000391dc vaddr=3ffb0000 size=03cfch ( 15612) load[0m
[0;32mI (168) esp_image: segment 2: paddr=0003cee0 vaddr=40080000 size=03138h ( 12600) load[0m
[0;32mI (174) esp_image: segment 3: paddr=00040020 vaddr=400d0020 size=9e0a4h (647332) map[0m
[0;32mI (398) esp_image: segment 4: paddr=000de0cc vaddr=40083138 size=1484ch ( 84044) load[0m
[0;32mI (443) boot: Loaded app from partition at offset 0x10000[0m
[0;32mI (443) boot: Disabling RNG early entropy source...[0m
[0;32mI (455) cpu_start: Multicore app[0m
[0;32mI (464) cpu_start: Pro cpu start user code[0m
[0;32mI (464) cpu_start: cpu freq: 160000000 Hz[0m
[0;32mI (464) cpu_start: Application information:[0m
[0;32mI (467) cpu_start: Project name:     smart_door_lock[0m
[0;32mI (472) cpu_start: App version:      1[0m
[0;32mI (477) cpu_start: Compile time:     Apr 30 2024 09:36:52[0m
[0;32mI (483) cpu_start: ELF file SHA256:  70375d126e4ce71c...[0m
[0;32mI (489) cpu_start: ESP-IDF:          v5.2.1-dirty[0m
[0;32mI (494) cpu_start: Min chip rev:     v0.0[0m
[0;32mI (499) cpu_start: Max chip rev:     v3.99 [0m
[0;32mI (504) cpu_start: Chip rev:         v3.1[0m
[0;32mI (509) heap_init: Initializing. RAM available for dynamic allocation:[0m
[0;32mI (516) heap_init: At 3FFAE6E0 len 00001920 (6 KiB): DRAM[0m
[0;32mI (522) heap_init: At 3FFB8530 len 00027AD0 (158 KiB): DRAM[0m
[0;32mI (528) heap_init: At 3FFE0440 len 00003AE0 (14 KiB): D/IRAM[0m
[0;32mI (534) heap_init: At 3FFE4350 len 0001BCB0 (111 KiB): D/IRAM[0m
[0;32mI (541) heap_init: At 40097984 len 0000867C (33 KiB): IRAM[0m
[0;32mI (549) spi_flash: detected chip: generic[0m
[0;32mI (552) spi_flash: flash io: dio[0m
[0;33mW (556) i2c: This driver is an old driver, please migrate your application code to adapt `driver/i2c_master.h`[0m
[0;32mI (567) main_task: Started on CPU0[0m
[0;32mI (577) main_task: Calling app_main()[0m
Start
I (637) wifi:wifi driver task: 3ffc05d8, prio:23, stack:6656, core=0
I (657) wifi:wifi firmware version: a9f5b59
I (657) wifi:wifi certification version: v7.0
I (657) wifi:config NVS flash: enabled
I (657) wifi:config nano formating: disabled
I (667) wifi:Init data frame dynamic rx buffer num: 32
I (667) wifi:Init static rx mgmt buffer num: 5
I (677) wifi:Init management short buffer num: 32
I (677) wifi:Init dynamic tx buffer num: 32
I (687) wifi:Init static rx buffer size: 1600
I (687) wifi:Init static rx buffer num: 10
I (687) wifi:Init dynamic rx buffer num: 32
[0;32mI (697) wifi_init: rx ba win: 6[0m
[0;32mI (697) wifi_init: tcpip mbox: 32[0m
[0;32mI (707) wifi_init: udp mbox: 6[0m
[0;32mI (707) wifi_init: tcp mbox: 6[0m
[0;32mI (707) wifi_init: tcp tx win: 5760[0m
[0;32mI (717) wifi_init: tcp rx win: 5760[0m
[0;32mI (717) wifi_init: tcp mss: 1440[0m
[0;32mI (727) wifi_init: WiFi IRAM OP enabled[0m
[0;32mI (727) wifi_init: WiFi RX IRAM OP enabled[0m
[0;32mI (737) phy_init: phy_version 4791,2c4672b,Dec 20 2023,16:06:06[0m
I BOD: Brownout detector was triggered


ets Jul 29 2019 12:21:46

rst:0xc (SW_CPU_RESET),boot:0x13 (SPI_FAST_FLASH_BOOT)
configsip: 0, SPIWP:0xee
clk_drv:0x00,q_drv:0x00,d_drv:0x00,cs0_drv:0x00,hd_drv:0x00,wp_drv:0x00
mode:DIO, clock div:2
load:0x3fff0030,len:7172
load:0x40078000,len:15540
load:0x40080400,len:4
ho 8 tail 4 room 4
load:0x40080404,len:3904
entry 0x40080640
[0;32mI (31) boot: ESP-IDF v5.2.1-dirty 2nd stage bootloader[0m
[0;32mI (31) boot: compile time Apr 30 2024 09:37:04[0m
[0;32mI (31) boot: Multicore bootloader[0m
[0;32mI (36) boot: chip revision: v3.1[0m
[0;32mI (40) boot.esp32: SPI Speed      : 40MHz[0m
[0;32mI (44) boot.esp32: SPI Mode       : DIO[0m
[0;32mI (49) boot.esp32: SPI Flash Size : 4MB[0m
[0;32mI (53) boot: Enabling RNG early entropy source...[0m
[0;32mI (59) boot: Partition Table:[0m
[0;32mI (62) boot: ## Label            Usage          Type ST Offset   Length[0m
[0;32mI (70) boot:  0 nvs              WiFi data        01 02 00009000 00006000[0m
[0;32mI (77) boot:  1 phy_init         RF data          01 01 0000f000 00001000[0m
[0;32mI (84) boot:  2 factory          factory app      00 00 00010000 00100000[0m
[0;32mI (92) boot: End of partition table[0m
[0;32mI (96) esp_image: segment 0: paddr=00010020 vaddr=3f400020 size=291b4h (168372) map[0m
[0;32mI (162) esp_image: segment 1: paddr=000391dc vaddr=3ffb0000 size=03cfch ( 15612) load[0m
[0;32mI (168) esp_image: segment 2: paddr=0003cee0 vaddr=40080000 size=03138h ( 12600) load[0m
[0;32mI (174) esp_image: segment 3: paddr=00040020 vaddr=400d0020 size=9e0a4h (647332) map[0m
[0;32mI (398) esp_image: segment 4: paddr=000de0cc vaddr=40083138 size=1484ch ( 84044) load[0m
[0;32mI (443) boot: Loaded app from partition at offset 0x10000[0m
[0;32mI (443) boot: Disabling RNG early entropy source...[0m
[0;32mI (455) cpu_start: Multicore app[0m
[0;32mI (464) cpu_start: Pro cpu start user code[0m
[0;32mI (464) cpu_start: cpu freq: 160000000 Hz[0m
[0;32mI (464) cpu_start: Application information:[0m
[0;32mI (467) cpu_start: Project name:     smart_door_lock[0m
[0;32mI (472) cpu_start: App version:      1[0m
[0;32mI (477) cpu_start: Compile time:     Apr 30 2024 09:36:52[0m
[0;32mI (483) cpu_start: ELF file SHA256:  70375d126e4ce71c...[0m
[0;32mI (489) cpu_start: ESP-IDF:          v5.2.1-dirty[0m
[0;32mI (494) cpu_start: Min chip rev:     v0.0[0m
[0;32mI (499) cpu_start: Max chip rev:     v3.99 [0m
[0;32mI (504) cpu_start: Chip rev:         v3.1[0m
[0;32mI (509) heap_init: Initializing. RAM available for dynamic allocation:[0m
[0;32mI (516) heap_init: At 3FFAE6E0 len 00001920 (6 KiB): DRAM[0m
[0;32mI (522) heap_init: At 3FFB8530 len 00027AD0 (158 KiB): DRAM[0m
[0;32mI (528) heap_init: At 3FFE0440 len 00003AE0 (14 KiB): D/IRAM[0m
[0;32mI (534) heap_init: At 3FFE4350 len 0001BCB0 (111 KiB): D/IRAM[0m
[0;32mI (541) heap_init: At 40097984 len 0000867C (33 KiB): IRAM[0m
[0;32mI (549) spi_flash: detected chip: generic[0m
[0;32mI (552) spi_flash: flash io: dio[0m
[0;33mW (556) i2c: This driver is an old driver, please migrate your application code to adapt `driver/i2c_master.h`[0m
[0;32mI (567) main_task: Started on CPU0[0m
[0;32mI (577) main_task: Calling app_main()[0m
Start
I (637) wifi:wifi driver task: 3ffc05d8, prio:23, stack:6656, core=0
I (657) wifi:wifi firmware version: a9f5b59
I (657) wifi:wifi certification version: v7.0
I (657) wifi:config NVS flash: enabled
I (657) wifi:config nano formating: disabled
I (667) wifi:Init data frame dynamic rx buffer num: 32
I (667) wifi:Init static rx mgmt buffer num: 5
I (677) wifi:Init management short buffer num: 32
I (677) wifi:Init dynamic tx buffer num: 32
I (687) wifi:Init static rx buffer size: 1600
I (687) wifi:Init static rx buffer num: 10
I (687) wifi:Init dynamic rx buffer num: 32
[0;32mI (697) wifi_init: rx ba win: 6[0m
[0;32mI (697) wifi_init: tcpip mbox: 32[0m
[0;32mI (707) wifi_init: udp mbox: 6[0m
[0;32mI (707) wifi_init: tcp mbox: 6[0m
[0;32mI (707) wifi_init: tcp tx win: 5760[0m
[0;32mI (717) wifi_init: tcp rx win: 5760[0m
[0;32mI (717) wifi_init: tcp mss: 1440[0m
[0;32mI (727) wifi_init: WiFi IRAM OP enabled[0m
[0;32mI (727) wifi_init: WiFi RX IRAM OP enabled[0m
[0;32mI (737) phy_init: phy_version 4791,2c4672b,Dec 20 2023,16:06:06[0m
I BOD: Brownout detector was triggered


ets Jul 29 2019 12:21:46

rst:0xc (SW_CPU_RESET),boot:0x13 (SPI_FAST_FLASH_BOOT)
configsip: 0, SPIWP:0xee
clk_drv:0x00,q_drv:0x00,d_drv:0x00,cs0_drv:0x00,hd_drv:0x00,wp_drv:0x00
mode:DIO, clock div:2
load:0x3fff0030,len:7172
load:0x40078000,len:15540
load:0x40080400,len:4
ho 8 tail 4 room 4
load:0x40080404,len:3904
entry 0x40080640
[0;32mI (31) boot: ESP-IDF v5.2.1-dirty 2nd stage bootloader[0m
[0;32mI (31) boot: compile time Apr 30 2024 09:37:04[0m
[0;32mI (31) boot: Multicore bootloader[0m
[0;32mI (36) boot: chip revision: v3.1[0m
[0;32mI (40) boot.esp32: SPI Speed      : 40MHz[0m
[0;32mI (44) boot.esp32: SPI Mode       : DIO[0m
[0;32mI (49) boot.esp32: SPI Flash Size : 4MB[0m
[0;32mI (53) boot: Enabling RNG early entropy source...[0m
[0;32mI (59) boot: Partition Table:[0m
[0;32mI (62) boot: ## Label            Usage          Type ST Offset   Length[0m
[0;32mI (70) boot:  0 nvs              WiFi data        01 02 00009000 00006000[0m
[0;32mI (77) boot:  1 phy_init         RF data          01 01 0000f000 00001000[0m
[0;32mI (84) boot:  2 factory          factory app      00 00 00010000 00100000[0m
[0;32mI (92) boot: End of partition table[0m
[0;32mI (96) esp_image: segment 0: paddr=00010020 vaddr=3f400020 size=291b4h (168372) map[0m
[0;32mI (162) esp_image: segment 1: paddr=000391dc vaddr=3ffb0000 size=03cfch ( 15612) load[0m
[0;32mI (168) esp_image: segment 2: paddr=0003cee0 vaddr=40080000 size=03138h ( 12600) load[0m
[0;32mI (174) esp_image: segment 3: paddr=00040020 vaddr=400d0020 size=9e0a4h (647332) map[0m
[0;32mI (398) esp_image: segment 4: paddr=000de0cc vaddr=40083138 size=1484ch ( 84044) load[0m
[0;32mI (443) boot: Loaded app from partition at offset 0x10000[0m
[0;32mI (443) boot: Disabling RNG early entropy source...[0m
[0;32mI (455) cpu_start: Multicore app[0m
[0;32mI (464) cpu_start: Pro cpu start user code[0m
[0;32mI (464) cpu_start: cpu freq: 160000000 Hz[0m
[0;32mI (464) cpu_start: Application information:[0m
[0;32mI (467) cpu_start: Project name:     smart_door_lock[0m
[0;32mI (472) cpu_start: App version:      1[0m
[0;32mI (477) cpu_start: Compile time:     Apr 30 2024 09:36:52[0m
[0;32mI (483) cpu_start: ELF file SHA256:  70375d126e4ce71c...[0m
[0;32mI (489) cpu_start: ESP-IDF:          v5.2.1-dirty[0m
[0;32mI (494) cpu_start: Min chip rev:     v0.0[0m
[0;32mI (499) cpu_start: Max chip rev:     v3.99 [0m
[0;32mI (504) cpu_start: Chip rev:         v3.1[0m
[0;32mI (509) heap_init: Initializing. RAM available for dynamic allocation:[0m
[0;32mI (516) heap_init: At 3FFAE6E0 len 00001920 (6 KiB): DRAM[0m
[0;32mI (522) heap_init: At 3FFB8530 len 00027AD0 (158 KiB): DRAM[0m
[0;32mI (528) heap_init: At 3FFE0440 len 00003AE0 (14 KiB): D/IRAM[0m
[0;32mI (534) heap_init: At 3FFE4350 len 0001BCB0 (111 KiB): D/IRAM[0m
[0;32mI (541) heap_init: At 40097984 len 0000867C (33 KiB): IRAM[0m
[0;32mI (549) spi_flash: detected chip: generic[0m
[0;32mI (552) spi_flash: flash io: dio[0m
[0;33mW (556) i2c: This driver is an old driver, please migrate your application code to adapt `driver/i2c_master.h`[0m
[0;32mI (567) main_task: Started on CPU0[0m
[0;32mI (577) main_task: Calling app_main()[0m
Start
I (637) wifi:wifi driver task: 3ffc05d8, prio:23, stack:6656, core=0
I (657) wifi:wifi firmware version: a9f5b59
I (657) wifi:wifi certification version: v7.0
I (657) wifi:config NVS flash: enabled
I (657) wifi:config nano formating: disabled
I (667) wifi:Init data frame dynamic rx buffer num: 32
I (667) wifi:Init static rx mgmt buffer num: 5
I (677) wifi:Init management short buffer num: 32
I (677) wifi:Init dynamic tx buffer num: 32
I (687) wifi:Init static rx buffer size: 1600
I (687) wifi:Init static rx buffer num: 10
I (687) wifi:Init dynamic rx buffer num: 32
[0;32mI (697) wifi_init: rx ba win: 6[0m
[0;32mI (697) wifi_init: tcpip mbox: 32[0m
[0;32mI (707) wifi_init: udp mbox: 6[0m
[0;32mI (707) wifi_init: tcp mbox: 6[0m
[0;32mI (707) wifi_init: tcp tx win: 5760[0m
[0;32mI (717) wifi_init: tcp rx win: 5760[0m
[0;32mI (717) wifi_init: tcp mss: 1440[0m
[0;32mI (727) wifi_init: WiFi IRAM OP enabled[0m
[0;32mI (727) wifi_init: WiFi RX IRAM OP enabled[0m
[0;32mI (737) phy_init: phy_version 4791,2c4672b,Dec 20 2023,16:06:06[0m
I BOD: Brownout detector was triggered


ets Jul 29 2019 12:21:46

rst:0xc (SW_CPU_RESET),boot:0x13 (SPI_FAST_FLASH_BOOT)
configsip: 0, SPIWP:0xee
clk_drv:0x00,q_drv:0x00,d_drv:0x00,cs0_drv:0x00,hd_drv:0x00,wp_drv:0x00
mode:DIO, clock div:2
load:0x3fff0030,len:7172
load:0x40078000,len:15540
load:0x40080400,len:4
ho 8 tail 4 room 4
load:0x40080404,len:3904
entry 0x40080640
[0;32mI (31) boot: ESP-IDF v5.2.1-dirty 2nd stage bootloader[0m
[0;32mI (31) boot: compile time Apr 30 2024 09:37:04[0m
[0;32mI (31) boot: Multicore bootloader[0m
[0;32mI (36) boot: chip revision: v3.1[0m
[0;32mI (40) boot.esp32: SPI Speed      : 40MHz[0m
[0;32mI (44) boot.esp32: SPI Mode       : DIO[0m
[0;32mI (49) boot.esp32: SPI Flash Size : 4MB[0m
[0;32mI (53) boot: Enabling RNG early entropy source...[0m
[0;32mI (59) boot: Partition Table:[0m
[0;32mI (62) boot: ## Label            Usage          Type ST Offset   Length[0m
[0;32mI (70) boot:  0 nvs              WiFi data        01 02 00009000 00006000[0m
[0;32mI (77) boot:  1 phy_init         RF data          01 01 0000f000 00001000[0m
[0;32mI (84) boot:  2 factory          factory app      00 00 00010000 00100000[0m
[0;32mI (92) boot: End of partition table[0m
[0;32mI (96) esp_image: segment 0: paddr=00010020 vaddr=3f400020 size=291b4h (168372) map[0m
[0;32mI (162) esp_image: segment 1: paddr=000391dc vaddr=3ffb0000 size=03cfch ( 15612) load[0m
[0;32mI (168) esp_image: segment 2: paddr=0003cee0 vaddr=40080000 size=03138h ( 12600) load[0m
[0;32mI (174) esp_image: segment 3: paddr=00040020 vaddr=400d0020 size=9e0a4h (647332) map[0m
[0;32mI (398) esp_image: segment 4: paddr=000de0cc vaddr=40083138 size=1484ch ( 84044) load[0m
[0;32mI (443) boot: Loaded app from partition at offset 0x10000[0m
[0;32mI (443) boot: Disabling RNG early entropy source...[0m
[0;32mI (455) cpu_start: Multicore app[0m
[0;32mI (464) cpu_start: Pro cpu start user code[0m
[0;32mI (464) cpu_start: cpu freq: 160000000 Hz[0m
[0;32mI (464) cpu_start: Application information:[0m
[0;32mI (467) cpu_start: Project name:     smart_door_lock[0m
[0;32mI (472) cpu_start: App version:      1[0m
[0;32mI (477) cpu_start: Compile time:     Apr 30 2024 09:36:52[0m
[0;32mI (483) cpu_start: ELF file SHA256:  70375d126e4ce71c...[0m
[0;32mI (489) cpu_start: ESP-IDF:          v5.2.1-dirty[0m
[0;32mI (494) cpu_start: Min chip rev:     v0.0[0m
[0;32mI (499) cpu_start: Max chip rev:     v3.99 [0m
[0;32mI (504) cpu_start: Chip rev:         v3.1[0m
[0;32mI (509) heap_init: Initializing. RAM available for dynamic allocation:[0m
[0;32mI (516) heap_init: At 3FFAE6E0 len 00001920 (6 KiB): DRAM[0m
[0;32mI (522) heap_init: At 3FFB8530 len 00027AD0 (158 KiB): DRAM[0m
[0;32mI (528) heap_init: At 3FFE0440 len 00003AE0 (14 KiB): D/IRAM[0m
[0;32mI (534) heap_init: At 3FFE4350 len 0001BCB0 (111 KiB): D/IRAM[0m
[0;32mI (541) heap_init: At 40097984 len 0000867C (33 KiB): IRAM[0m
[0;32mI (549) spi_flash: detected chip: generic[0m
[0;32mI (552) spi_flash: flash io: dio[0m
[0;33mW (556) i2c: This driver is an old driver, please migrate your application code to adapt `driver/i2c_master.h`[0m
[0;32mI (567) main_task: Started on CPU0[0m
[0;32mI (577) main_task: Calling app_main()[0m
Start
I (637) wifi:wifi driver task: 3ffc05d8, prio:23, stack:6656, core=0
I (657) wifi:wifi firmware version: a9f5b59
I (657) wifi:wifi certification version: v7.0
I (657) wifi:config NVS flash: enabled
I (657) wifi:config nano formating: disabled
I (667) wifi:Init data frame dynamic rx buffer num: 32
I (667) wifi:Init static rx mgmt buffer num: 5
I (677) wifi:Init management short buffer num: 32
I (677) wifi:Init dynamic tx buffer num: 32
I (687) wifi:Init static rx buffer size: 1600
I (687) wifi:Init static rx buffer num: 10
I (687) wifi:Init dynamic rx buffer num: 32
[0;32mI (697) wifi_init: rx ba win: 6[0m
[0;32mI (697) wifi_init: tcpip mbox: 32[0m
[0;32mI (707) wifi_init: udp mbox: 6[0m
[0;32mI (707) wifi_init: tcp mbox: 6[0m
[0;32mI (707) wifi_init: tcp tx win: 5760[0m
[0;32mI (717) wifi_init: tcp rx win: 5760[0m
[0;32mI (717) wifi_init: tcp mss: 1440[0m
[0;32mI (727) wifi_init: WiFi IRAM OP enabled[0m
[0;32mI (727) wifi_init: WiFi RX IRAM OP enabled[0m
[0;32mI (737) phy_init: phy_version 4791,2c4672b,Dec 20 2023,16:06:06[0m
I BOD: Brownout detector was triggered


ets Jul 29 2019 12:21:46

rst:0xc (SW_CPU_RESET),boot:0x13 (SPI_FAST_FLASH_BOOT)
configsip: 0, SPIWP:0xee
clk_drv:0x00,q_drv:0x00,d_drv:0x00,cs0_drv:0x00,hd_drv:0x00,wp_drv:0x00
mode:DIO, clock div:2
load:0x3fff0030,len:7172
load:0x40078000,len:15540
load:0x40080400,len:4
ho 8 tail 4 room 4
load:0x40080404,len:3904
entry 0x40080640
[0;32mI (31) boot: ESP-IDF v5.2.1-dirty 2nd stage bootloader[0m
[0;32mI (31) boot: compile time Apr 30 2024 09:37:04[0m
[0;32mI (31) boot: Multicore bootloader[0m
[0;32mI (36) boot: chip revision: v3.1[0m
[0;32mI (40) boot.esp32: SPI Speed      : 40MHz[0m
[0;32mI (44) boot.esp32: SPI Mode       : DIO[0m
[0;32mI (49) boot.esp32: SPI Flash Size : 4MB[0m
[0;32mI (53) boot: Enabling RNG early entropy source...[0m
[0;32mI (59) boot: Partition Table:[0m
[0;32mI (62) boot: ## Label            Usage          Type ST Offset   Length[0m
[0;32mI (70) boot:  0 nvs              WiFi data        01 02 00009000 00006000[0m
[0;32mI (77) boot:  1 phy_init         RF data          01 01 0000f000 00001000[0m
[0;32mI (84) boot:  2 factory          factory app      00 00 00010000 00100000[0m
[0;32mI (92) boot: End of partition table[0m
[0;32mI (96) esp_image: segment 0: paddr=00010020 vaddr=3f400020 size=291b4h (168372) map[0m
[0;32mI (162) esp_image: segment 1: paddr=000391dc vaddr=3ffb0000 size=03cfch ( 15612) load[0m
[0;32mI (168) esp_image: segment 2: paddr=0003cee0 vaddr=40080000 size=03138h ( 12600) load[0m
[0;32mI (174) esp_image: segment 3: paddr=00040020 vaddr=400d0020 size=9e0a4h (647332) map[0m
[0;32mI (398) esp_image: segment 4: paddr=000de0cc vaddr=40083138 size=1484ch ( 84044) load[0m
[0;32mI (443) boot: Loaded app from partition at offset 0x10000[0m
[0;32mI (443) boot: Disabling RNG early entropy source...[0m
[0;32mI (455) cpu_start: Multicore app[0m
[0;32mI (464) cpu_start: Pro cpu start user code[0m
[0;32mI (464) cpu_start: cpu freq: 160000000 Hz[0m
[0;32mI (464) cpu_start: Application information:[0m
[0;32mI (467) cpu_start: Project name:     smart_door_lock[0m
[0;32mI (472) cpu_start: App version:      1[0m
[0;32mI (477) cpu_start: Compile time:     Apr 30 2024 09:36:52[0m
[0;32mI (483) cpu_start: ELF file SHA256:  70375d126e4ce71c...[0m
[0;32mI (489) cpu_start: ESP-IDF:          v5.2.1-dirty[0m
[0;32mI (494) cpu_start: Min chip rev:     v0.0[0m
[0;32mI (499) cpu_start: Max chip rev:     v3.99 [0m
[0;32mI (504) cpu_start: Chip rev:         v3.1[0m
[0;32mI (509) heap_init: Initializing. RAM available for dynamic allocation:[0m
[0;32mI (516) heap_init: At 3FFAE6E0 len 00001920 (6 KiB): DRAM[0m
[0;32mI (522) heap_init: At 3FFB8530 len 00027AD0 (158 KiB): DRAM[0m
[0;32mI (528) heap_init: At 3FFE0440 len 00003AE0 (14 KiB): D/IRAM[0m
[0;32mI (534) heap_init: At 3FFE4350 len 0001BCB0 (111 KiB): D/IRAM[0m
[0;32mI (541) heap_init: At 40097984 len 0000867C (33 KiB): IRAM[0m
[0;32mI (549) spi_flash: detected chip: generic[0m
[0;32mI (552) spi_flash: flash io: dio[0m
[0;33mW (556) i2c: This driver is an old driver, please migrate your application code to adapt `driver/i2c_master.h`[0m
[0;32mI (567) main_task: Started on CPU0[0m
[0;32mI (577) main_task: Calling app_main()[0m
Start
I (637) wifi:wifi driver task: 3ffc05d8, prio:23, stack:6656, core=0
I (657) wifi:wifi firmware version: a9f5b59
I (657) wifi:wifi certification version: v7.0
I (657) wifi:config NVS flash: enabled
I (657) wifi:config nano formating: disabled
I (667) wifi:Init data frame dynamic rx buffer num: 32
I (667) wifi:Init static rx mgmt buffer num: 5
I (677) wifi:Init management short buffer num: 32
I (677) wifi:Init dynamic tx buffer num: 32
I (687) wifi:Init static rx buffer size: 1600
I (687) wifi:Init static rx buffer num: 10
I (687) wifi:Init dynamic rx buffer num: 32
[0;32mI (697) wifi_init: rx ba win: 6[0m
[0;32mI (697) wifi_init: tcpip mbox: 32[0m
[0;32mI (707) wifi_init: udp mbox: 6[0m
[0;32mI (707) wifi_init: tcp mbox: 6[0m
[0;32mI (707) wifi_init: tcp tx win: 5760[0m
[0;32mI (717) wifi_init: tcp rx win: 5760[0m
[0;32mI (717) wifi_init: tcp mss: 1440[0m
[0;32mI (727) wifi_init: WiFi IRAM OP enabled[0m
[0;32mI (727) wifi_init: WiFi RX IRAM OP enabled[0m
[0;32mI (737) phy_init: phy_version 4791,2c4672b,Dec 20 2023,16:06:06[0m
I BOD: Brownout detector was triggered


ets Jul 29 2019 12:21:46

rst:0xc (SW_CPU_RESET),boot:0x13 (SPI_FAST_FLASH_BOOT)
configsip: 0, SPIWP:0xee
clk_drv:0x00,q_drv:0x00,d_drv:0x00,cs0_drv:0x00,hd_drv:0x00,wp_drv:0x00
mode:DIO, clock div:2
load:0x3fff0030,len:7172
load:0x40078000,len:15540
load:0x40080400,len:4
ho 8 tail 4 room 4
load:0x40080404,len:3904
entry 0x40080640
[0;32mI (31) boot: ESP-IDF v5.2.1-dirty 2nd stage bootloader[0m
[0;32mI (31) boot: compile time Apr 30 2024 09:37:04[0m
[0;32mI (31) boot: Multicore bootloader[0m
[0;32mI (36) boot: chip revision: v3.1[0m
[0;32mI (40) boot.esp32: SPI Speed      : 40MHz[0m
[0;32mI (44) boot.esp32: SPI Mode       : DIO[0m
[0;32mI (49) boot.esp32: SPI Flash Size : 4MB[0m
[0;32mI (53) boot: Enabling RNG early entropy source...[0m
[0;32mI (59) boot: Partition Table:[0m
[0;32mI (62) boot: ## Label            Usage          Type ST Offset   Length[0m
[0;32mI (70) boot:  0 nvs              WiFi data        01 02 00009000 00006000[0m
[0;32mI (77) boot:  1 phy_init         RF data          01 01 0000f000 00001000[0m
[0;32mI (84) boot:  2 factory          factory app      00 00 00010000 00100000[0m
[0;32mI (92) boot: End of partition table[0m
[0;32mI (96) esp_image: segment 0: paddr=00010020 vaddr=3f400020 size=291b4h (168372) map[0m
[0;32mI (162) esp_image: segment 1: paddr=000391dc vaddr=3ffb0000 size=03cfch ( 15612) load[0m
[0;32mI (168) esp_image: segment 2: paddr=0003cee0 vaddr=40080000 size=03138h ( 12600) load[0m
[0;32mI (174) esp_image: segment 3: paddr=00040020 vaddr=400d0020 size=9e0a4h (647332) map[0m
[0;32mI (398) esp_image: segment 4: paddr=000de0cc vaddr=40083138 size=1484ch ( 84044) load[0m
[0;32mI (443) boot: Loaded app from partition at offset 0x10000[0m
[0;32mI (443) boot: Disabling RNG early entropy source...[0m
[0;32mI (455) cpu_start: Multicore app[0m
[0;32mI (464) cpu_start: Pro cpu start user code[0m
[0;32mI (464) cpu_start: cpu freq: 160000000 Hz[0m
[0;32mI (464) cpu_start: Application information:[0m
[0;32mI (467) cpu_start: Project name:     smart_door_lock[0m
[0;32mI (472) cpu_start: App version:      1[0m
[0;32mI (477) cpu_start: Compile time:     Apr 30 2024 09:36:52[0m
[0;32mI (483) cpu_start: ELF file SHA256:  70375d126e4ce71c...[0m
[0;32mI (489) cpu_start: ESP-IDF:          v5.2.1-dirty[0m
[0;32mI (494) cpu_start: Min chip rev:     v0.0[0m
[0;32mI (499) cpu_start: Max chip rev:     v3.99 [0m
[0;32mI (504) cpu_start: Chip rev:         v3.1[0m
[0;32mI (509) heap_init: Initializing. RAM available for dynamic allocation:[0m
[0;32mI (516) heap_init: At 3FFAE6E0 len 00001920 (6 KiB): DRAM[0m
[0;32mI (522) heap_init: At 3FFB8530 len 00027AD0 (158 KiB): DRAM[0m
[0;32mI (528) heap_init: At 3FFE0440 len 00003AE0 (14 KiB): D/IRAM[0m
[0;32mI (534) heap_init: At 3FFE4350 len 0001BCB0 (111 KiB): D/IRAM[0m
[0;32mI (541) heap_init: At 40097984 len 0000867C (33 KiB): IRAM[0m
[0;32mI (549) spi_flash: detected chip: generic[0m
[0;32mI (552) spi_flash: flash io: dio[0m
[0;33mW (556) i2c: This driver is an old driver, please migrate your application code to adapt `driver/i2c_master.h`[0m
[0;32mI (567) main_task: Started on CPU0[0m
[0;32mI (577) main_task: Calling app_main()[0m
Start
I (637) wifi:wifi driver task: 3ffc05d8, prio:23, stack:6656, core=0
I (657) wifi:wifi firmware version: a9f5b59
I (657) wifi:wifi certification version: v7.0
I (657) wifi:config NVS flash: enabled
I (657) wifi:config nano formating: disabled
I (667) wifi:Init data frame dynamic rx buffer num: 32
I (667) wifi:Init static rx mgmt buffer num: 5
I (677) wifi:Init management short buffer num: 32
I (677) wifi:Init dynamic tx buffer num: 32
I (687) wifi:Init static rx buffer size: 1600
I (687) wifi:Init static rx buffer num: 10
I (687) wifi:Init dynamic rx buffer num: 32
[0;32mI (697) wifi_init: rx ba win: 6[0m
[0;32mI (697) wifi_init: tcpip mbox: 32[0m
[0;32mI (707) wifi_init: udp mbox: 6[0m
[0;32mI (707) wifi_init: tcp mbox: 6[0m
[0;32mI (707) wifi_init: tcp tx win: 5760[0m
[0;32mI (717) wifi_init: tcp rx win: 5760[0m
[0;32mI (717) wifi_init: tcp mss: 1440[0m
[0;32mI (727) wifi_init: WiFi IRAM OP enabled[0m
[0;32mI (727) wifi_init: WiFi RX IRAM OP enabled[0m
[0;32mI (737) phy_init: phy_version 4791,2c4672b,Dec 20 2023,16:06:06[0m
I BOD: Brownout detector was triggered


ets Jul 29 2019 12:21:46

rst:0xc (SW_CPU_RESET),boot:0x13 (SPI_FAST_FLASH_BOOT)
configsip: 0, SPIWP:0xee
clk_drv:0x00,q_drv:0x00,d_drv:0x00,cs0_drv:0x00,hd_drv:0x00,wp_drv:0x00
mode:DIO, clock div:2
load:0x3fff0030,len:7172
load:0x40078000,len:15540
load:0x40080400,len:4
ho 8 tail 4 room 4
load:0x40080404,len:3904
entry 0x40080640
[0;32mI (31) boot: ESP-IDF v5.2.1-dirty 2nd stage bootloader[0m
[0;32mI (31) boot: compile time Apr 30 2024 09:37:04[0m
[0;32mI (31) boot: Multicore bootloader[0m
[0;32mI (36) boot: chip revision: v3.1[0m
[0;32mI (40) boot.esp32: SPI Speed      : 40MHz[0m
[0;32mI (44) boot.esp32: SPI Mode       : DIO[0m
[0;32mI (49) boot.esp32: SPI Flash Size : 4MB[0m
[0;32mI (53) boot: Enabling RNG early entropy source...[0m
[0;32mI (59) boot: Partition Table:[0m
[0;32mI (62) boot: ## Label            Usage          Type ST Offset   Length[0m
[0;32mI (70) boot:  0 nvs              WiFi data        01 02 00009000 00006000[0m
[0;32mI (77) boot:  1 phy_init         RF data          01 01 0000f000 00001000[0m
[0;32mI (84) boot:  2 factory          factory app      00 00 00010000 00100000[0m
[0;32mI (92) boot: End of partition table[0m
[0;32mI (96) esp_image: segment 0: paddr=00010020 vaddr=3f400020 size=291b4h (168372) map[0m
[0;32mI (162) esp_image: segment 1: paddr=000391dc vaddr=3ffb0000 size=03cfch ( 15612) load[0m
[0;32mI (168) esp_image: segment 2: paddr=0003cee0 vaddr=40080000 size=03138h ( 12600) load[0m
[0;32mI (174) esp_image: segment 3: paddr=00040020 vaddr=400d0020 size=9e0a4h (647332) map[0m
[0;32mI (398) esp_image: segment 4: paddr=000de0cc vaddr=40083138 size=1484ch ( 84044) load[0m
[0;32mI (443) boot: Loaded app from partition at offset 0x10000[0m
[0;32mI (443) boot: Disabling RNG early entropy source...[0m
[0;32mI (455) cpu_start: Multicore app[0m
[0;32mI (464) cpu_start: Pro cpu start user code[0m
[0;32mI (464) cpu_start: cpu freq: 160000000 Hz[0m
[0;32mI (464) cpu_start: Application information:[0m
[0;32mI (467) cpu_start: Project name:     smart_door_lock[0m
[0;32mI (472) cpu_start: App version:      1[0m
[0;32mI (477) cpu_start: Compile time:     Apr 30 2024 09:36:52[0m
[0;32mI (483) cpu_start: ELF file SHA256:  70375d126e4ce71c...[0m
[0;32mI (489) cpu_start: ESP-IDF:          v5.2.1-dirty[0m
[0;32mI (494) cpu_start: Min chip rev:     v0.0[0m
[0;32mI (499) cpu_start: Max chip rev:     v3.99 [0m
[0;32mI (504) cpu_start: Chip rev:         v3.1[0m
[0;32mI (509) heap_init: Initializing. RAM available for dynamic allocation:[0m
[0;32mI (516) heap_init: At 3FFAE6E0 len 00001920 (6 KiB): DRAM[0m
[0;32mI (522) heap_init: At 3FFB8530 len 00027AD0 (158 KiB): DRAM[0m
[0;32mI (528) heap_init: At 3FFE0440 len 00003AE0 (14 KiB): D/IRAM[0m
[0;32mI (534) heap_init: At 3FFE4350 len 0001BCB0 (111 KiB): D/IRAM[0m
[0;32mI (541) heap_init: At 40097984 len 0000867C (33 KiB): IRAM[0m
[0;32mI (549) spi_flash: detected chip: generic[0m
[0;32mI (552) spi_flash: flash io: dio[0m
[0;33mW (556) i2c: This driver is an old driver, please migrate your application code to adapt `driver/i2c_master.h`[0m
[0;32mI (567) main_task: Started on CPU0[0m
[0;32mI (577) main_task: Calling app_main()[0m
Start
I (637) wifi:wifi driver task: 3ffc05d8, prio:23, stack:6656, core=0
I (657) wifi:wifi firmware version: a9f5b59
I (657) wifi:wifi certification version: v7.0
I (657) wifi:config NVS flash: enabled
I (657) wifi:config nano formating: disabled
I (667) wifi:Init data frame dynamic rx buffer num: 32
I (667) wifi:Init static rx mgmt buffer num: 5
I (677) wifi:Init management short buffer num: 32
I (677) wifi:Init dynamic tx buffer num: 32
I (687) wifi:Init static rx buffer size: 1600
I (687) wifi:Init static rx buffer num: 10
I (687) wifi:Init dynamic rx buffer num: 32
[0;32mI (697) wifi_init: rx ba win: 6[0m
[0;32mI (697) wifi_init: tcpip mbox: 32[0m
[0;32mI (707) wifi_init: udp mbox: 6[0m
[0;32mI (707) wifi_init: tcp mbox: 6[0m
[0;32mI (707) wifi_init: tcp tx win: 5760[0m
[0;32mI (717) wifi_init: tcp rx win: 5760[0m
[0;32mI (717) wifi_init: tcp mss: 1440[0m
[0;32mI (727) wifi_init: WiFi IRAM OP enabled[0m
[0;32mI (727) wifi_init: WiFi RX IRAM OP enabled[0m
[0;32mI (737) phy_init: phy_version 4791,2c4672b,Dec 20 2023,16:06:06[0m
I BOD: Brownout detector was triggered


ets Jul 29 2019 12:21:46

rst:0xc (SW_CPU_RESET),boot:0x13 (SPI_FAST_FLASH_BOOT)
configsip: 0, SPIWP:0xee
clk_drv:0x00,q_drv:0x00,d_drv:0x00,cs0_drv:0x00,hd_drv:0x00,wp_drv:0x00
mode:DIO, clock div:2
load:0x3fff0030,len:7172
load:0x40078000,len:15540
load:0x40080400,len:4
ho 8 tail 4 room 4
load:0x40080404,len:3904
entry 0x40080640
[0;32mI (31) boot: ESP-IDF v5.2.1-dirty 2nd stage bootloader[0m
[0;32mI (31) boot: compile time Apr 30 2024 09:37:04[0m
[0;32mI (31) boot: Multicore bootloader[0m
[0;32mI (36) boot: chip revision: v3.1[0m
[0;32mI (40) boot.esp32: SPI Speed      : 40MHz[0m
[0;32mI (44) boot.esp32: SPI Mode       : DIO[0m
[0;32mI (49) boot.esp32: SPI Flash Size : 4MB[0m
[0;32mI (53) boot: Enabling RNG early entropy source...[0m
[0;32mI (59) boot: Partition Table:[0m
[0;32mI (62) boot: ## Label            Usage          Type ST Offset   Length[0m
[0;32mI (70) boot:  0 nvs              WiFi data        01 02 00009000 00006000[0m
[0;32mI (77) boot:  1 phy_init         RF data          01 01 0000f000 00001000[0m
[0;32mI (84) boot:  2 factory          factory app      00 00 00010000 00100000[0m
[0;32mI (92) boot: End of partition table[0m
[0;32mI (96) esp_image: segment 0: paddr=00010020 vaddr=3f400020 size=291b4h (168372) map[0m
[0;32mI (162) esp_image: segment 1: paddr=000391dc vaddr=3ffb0000 size=03cfch ( 15612) load[0m
[0;32mI (168) esp_image: segment 2: paddr=0003cee0 vaddr=40080000 size=03138h ( 12600) load[0m
[0;32mI (174) esp_image: segment 3: paddr=00040020 vaddr=400d0020 size=9e0a4h (647332) map[0m
[0;32mI (398) esp_image: segment 4: paddr=000de0cc vaddr=40083138 size=1484ch ( 84044) load[0m
[0;32mI (443) boot: Loaded app from partition at offset 0x10000[0m
[0;32mI (443) boot: Disabling RNG early entropy source...[0m
[0;32mI (455) cpu_start: Multicore app[0m
[0;32mI (464) cpu_start: Pro cpu start user code[0m
[0;32mI (464) cpu_start: cpu freq: 160000000 Hz[0m
[0;32mI (464) cpu_start: Application information:[0m
[0;32mI (467) cpu_start: Project name:     smart_door_lock[0m
[0;32mI (472) cpu_start: App version:      1[0m
[0;32mI (477) cpu_start: Compile time:     Apr 30 2024 09:36:52[0m
[0;32mI (483) cpu_start: ELF file SHA256:  70375d126e4ce71c...[0m
[0;32mI (489) cpu_start: ESP-IDF:          v5.2.1-dirty[0m
[0;32mI (494) cpu_start: Min chip rev:     v0.0[0m
[0;32mI (499) cpu_start: Max chip rev:     v3.99 [0m
[0;32mI (504) cpu_start: Chip rev:         v3.1[0m
[0;32mI (509) heap_init: Initializing. RAM available for dynamic allocation:[0m
[0;32mI (516) heap_init: At 3FFAE6E0 len 00001920 (6 KiB): DRAM[0m
[0;32mI (522) heap_init: At 3FFB8530 len 00027AD0 (158 KiB): DRAM[0m
[0;32mI (528) heap_init: At 3FFE0440 len 00003AE0 (14 KiB): D/IRAM[0m
[0;32mI (534) heap_init: At 3FFE4350 len 0001BCB0 (111 KiB): D/IRAM[0m
[0;32mI (541) heap_init: At 40097984 len 0000867C (33 KiB): IRAM[0m
[0;32mI (549) spi_flash: detected chip: generic[0m
[0;32mI (552) spi_flash: flash io: dio[0m
[0;33mW (556) i2c: This driver is an old driver, please migrate your application code to adapt `driver/i2c_master.h`[0m
[0;32mI (567) main_task: Started on CPU0[0m
[0;32mI (577) main_task: Calling app_main()[0m
Start
I (637) wifi:wifi driver task: 3ffc05d8, prio:23, stack:6656, core=0
I (657) wifi:wifi firmware version: a9f5b59
I (657) wifi:wifi certification version: v7.0
I (657) wifi:config NVS flash: enabled
I (657) wifi:config nano formating: disabled
I (667) wifi:Init data frame dynamic rx buffer num: 32
I (667) wifi:Init static rx mgmt buffer num: 5
I (677) wifi:Init management short buffer num: 32
I (677) wifi:Init dynamic tx buffer num: 32
I (687) wifi:Init static rx buffer size: 1600
I (687) wifi:Init static rx buffer num: 10
I (687) wifi:Init dynamic rx buffer num: 32
[0;32mI (697) wifi_init: rx ba win: 6[0m
[0;32mI (697) wifi_init: tcpip mbox: 32[0m
[0;32mI (707) wifi_init: udp mbox: 6[0m
[0;32mI (707) wifi_init: tcp mbox: 6[0m
[0;32mI (707) wifi_init: tcp tx win: 5760[0m
[0;32mI (717) wifi_init: tcp rx win: 5760[0m
[0;32mI (717) wifi_init: tcp mss: 1440[0m
[0;32mI (727) wifi_init: WiFi IRAM OP enabled[0m
[0;32mI (727) wifi_init: WiFi RX IRAM OP enabled[0m
[0;32mI (737) phy_init: phy_version 4791,2c4672b,Dec 20 2023,16:06:06[0m
I BOD: Brownout detector was triggered


ets Jul 29 2019 12:21:46

rst:0xc (SW_CPU_RESET),boot:0x13 (SPI_FAST_FLASH_BOOT)
configsip: 0, SPIWP:0xee
clk_drv:0x00,q_drv:0x00,d_drv:0x00,cs0_drv:0x00,hd_drv:0x00,wp_drv:0x00
mode:DIO, clock div:2
load:0x3fff0030,len:7172
load:0x40078000,len:15540
load:0x40080400,len:4
ho 8 tail 4 room 4
load:0x40080404,len:3904
entry 0x40080640
[0;32mI (31) boot: ESP-IDF v5.2.1-dirty 2nd stage bootloader[0m
[0;32mI (31) boot: compile time Apr 30 2024 09:37:04[0m
[0;32mI (31) boot: Multicore bootloader[0m
[0;32mI (36) boot: chip revision: v3.1[0m
[0;32mI (40) boot.esp32: SPI Speed      : 40MHz[0m
[0;32mI (44) boot.esp32: SPI Mode       : DIO[0m
[0;32mI (49) boot.esp32: SPI Flash Size : 4MB[0m
[0;32mI (53) boot: Enabling RNG early entropy source...[0m
[0;32mI (59) boot: Partition Table:[0m
[0;32mI (62) boot: ## Label            Usage          Type ST Offset   Length[0m
[0;32mI (70) boot:  0 nvs              WiFi data        01 02 00009000 00006000[0m
[0;32mI (77) boot:  1 phy_init         RF data          01 01 0000f000 00001000[0m
[0;32mI (84) boot:  2 factory          factory app      00 00 00010000 00100000[0m
[0;32mI (92) boot: End of partition table[0m
[0;32mI (96) esp_image: segment 0: paddr=00010020 vaddr=3f400020 size=291b4h (168372) map[0m
[0;32mI (162) esp_image: segment 1: paddr=000391dc vaddr=3ffb0000 size=03cfch ( 15612) load[0m
[0;32mI (168) esp_image: segment 2: paddr=0003cee0 vaddr=40080000 size=03138h ( 12600) load[0m
[0;32mI (174) esp_image: segment 3: paddr=00040020 vaddr=400d0020 size=9e0a4h (647332) map[0m
[0;32mI (398) esp_image: segment 4: paddr=000de0cc vaddr=40083138 size=1484ch ( 84044) load[0m
[0;32mI (443) boot: Loaded app from partition at offset 0x10000[0m
[0;32mI (443) boot: Disabling RNG early entropy source...[0m
[0;32mI (455) cpu_start: Multicore app[0m
[0;32mI (464) cpu_start: Pro cpu start user code[0m
[0;32mI (464) cpu_start: cpu freq: 160000000 Hz[0m
[0;32mI (464) cpu_start: Application information:[0m
[0;32mI (467) cpu_start: Project name:     smart_door_lock[0m
[0;32mI (472) cpu_start: App version:      1[0m
[0;32mI (477) cpu_start: Compile time:     Apr 30 2024 09:36:52[0m
[0;32mI (483) cpu_start: ELF file SHA256:  70375d126e4ce71c...[0m
[0;32mI (489) cpu_start: ESP-IDF:          v5.2.1-dirty[0m
[0;32mI (494) cpu_start: Min chip rev:     v0.0[0m
[0;32mI (499) cpu_start: Max chip rev:     v3.99 [0m
[0;32mI (504) cpu_start: Chip rev:         v3.1[0m
[0;32mI (509) heap_init: Initializing. RAM available for dynamic allocation:[0m
[0;32mI (516) heap_init: At 3FFAE6E0 len 00001920 (6 KiB): DRAM[0m
[0;32mI (522) heap_init: At 3FFB8530 len 00027AD0 (158 KiB): DRAM[0m
[0;32mI (528) heap_init: At 3FFE0440 len 00003AE0 (14 KiB): D/IRAM[0m
[0;32mI (534) heap_init: At 3FFE4350 len 0001BCB0 (111 KiB): D/IRAM[0m
[0;32mI (541) heap_init: At 40097984 len 0000867C (33 KiB): IRAM[0m
[0;32mI (549) spi_flash: detected chip: generic[0m
[0;32mI (552) spi_flash: flash io: dio[0m
[0;33mW (556) i2c: This driver is an old driver, please migrate your application code to adapt `driver/i2c_master.h`[0m
[0;32mI (567) main_task: Started on CPU0[0m
[0;32mI (577) main_task: Calling app_main()[0m
Start
I (637) wifi:wifi driver task: 3ffc05d8, prio:23, stack:6656, core=0
I (657) wifi:wifi firmware version: a9f5b59
I (657) wifi:wifi certification version: v7.0
I (657) wifi:config NVS flash: enabled
I (657) wifi:config nano formating: disabled
I (667) wifi:Init data frame dynamic rx buffer num: 32
I (667) wifi:Init static rx mgmt buffer num: 5
I (677) wifi:Init management short buffer num: 32
I (677) wifi:Init dynamic tx buffer num: 32
I (687) wifi:Init static rx buffer size: 1600
I (687) wifi:Init static rx buffer num: 10
I (687) wifi:Init dynamic rx buffer num: 32
[0;32mI (697) wifi_init: rx ba win: 6[0m
[0;32mI (697) wifi_init: tcpip mbox: 32[0m
[0;32mI (707) wifi_init: udp mbox: 6[0m
[0;32mI (707) wifi_init: tcp mbox: 6[0m
[0;32mI (707) wifi_init: tcp tx win: 5760[0m
[0;32mI (717) wifi_init: tcp rx win: 5760[0m
[0;32mI (717) wifi_init: tcp mss: 1440[0m
[0;32mI (717) wifi_init: WiFi IRAM OP enabled[0m
[0;32mI (727) wifi_init: WiFi RX IRAM OP enabled[0m
[0;32mI (737) phy_init: phy_version 4791,2c4672b,Dec 20 2023,16:06:06[0m
I BOD: Brownout detector was triggered


ets Jul 29 2019 12:21:46

rst:0xc (SW_CPU_RESET),boot:0x13 (SPI_FAST_FLASH_BOOT)
configsip: 0, SPIWP:0xee
clk_drv:0x00,q_drv:0x00,d_drv:0x00,cs0_drv:0x00,hd_drv:0x00,wp_drv:0x00
mode:DIO, clock div:2
load:0x3fff0030,len:7172
load:0x40078000,len:15540
load:0x40080400,len:4
ho 8 tail 4 room 4
load:0x40080404,len:3904
entry 0x40080640
[0;32mI (31) boot: ESP-IDF v5.2.1-dirty 2nd stage bootloader[0m
[0;32mI (31) boot: compile time Apr 30 2024 09:37:04[0m
[0;32mI (31) boot: Multicore bootloader[0m
[0;32mI (36) boot: chip revision: v3.1[0m
[0;32mI (40) boot.esp32: SPI Speed      : 40MHz[0m
[0;32mI (44) boot.esp32: SPI Mode       : DIO[0m
[0;32mI (49) boot.esp32: SPI Flash Size : 4MB[0m
[0;32mI (53) boot: Enabling RNG early entropy source...[0m
[0;32mI (59) boot: Partition Table:[0m
[0;32mI (62) boot: ## Label            Usage          Type ST Offset   Length[0m
[0;32mI (70) boot:  0 nvs              WiFi data        01 02 00009000 00006000[0m
[0;32mI (77) boot:  1 phy_init         RF data          01 01 0000f000 00001000[0m
[0;32mI (84) boot:  2 factory          factory app      00 00 00010000 00100000[0m
[0;32mI (92) boot: End of partition table[0m
[0;32mI (96) esp_image: segment 0: paddr=00010020 vaddr=3f400020 size=291b4h (168372) map[0m
[0;32mI (162) esp_image: segment 1: paddr=000391dc vaddr=3ffb0000 size=03cfch ( 15612) load[0m
[0;32mI (168) esp_image: segment 2: paddr=0003cee0 vaddr=40080000 size=03138h ( 12600) load[0m
[0;32mI (174) esp_image: segment 3: paddr=00040020 vaddr=400d0020 size=9e0a4h (647332) map[0m
[0;32mI (398) esp_image: segment 4: paddr=000de0cc vaddr=40083138 size=1484ch ( 84044) load[0m
[0;32mI (443) boot: Loaded app from partition at offset 0x10000[0m
[0;32mI (443) boot: Disabling RNG early entropy source...[0m
[0;32mI (455) cpu_start: Multicore app[0m
[0;32mI (464) cpu_start: Pro cpu start user code[0m
[0;32mI (464) cpu_start: cpu freq: 160000000 Hz[0m
[0;32mI (464) cpu_start: Application information:[0m
[0;32mI (467) cpu_start: Project name:     smart_door_lock[0m
[0;32mI (472) cpu_start: App version:      1[0m
[0;32mI (477) cpu_start: Compile time:     Apr 30 2024 09:36:52[0m
[0;32mI (483) cpu_start: ELF file SHA256:  70375d126e4ce71c...[0m
[0;32mI (489) cpu_start: ESP-IDF:          v5.2.1-dirty[0m
[0;32mI (494) cpu_start: Min chip rev:     v0.0[0m
[0;32mI (499) cpu_start: Max chip rev:     v3.99 [0m
[0;32mI (504) cpu_start: Chip rev:         v3.1[0m
[0;32mI (509) heap_init: Initializing. RAM available for dynamic allocation:[0m
[0;32mI (516) heap_init: At 3FFAE6E0 len 00001920 (6 KiB): DRAM[0m
[0;32mI (522) heap_init: At 3FFB8530 len 00027AD0 (158 KiB): DRAM[0m
[0;32mI (528) heap_init: At 3FFE0440 len 00003AE0 (14 KiB): D/IRAM[0m
[0;32mI (534) heap_init: At 3FFE4350 len 0001BCB0 (111 KiB): D/IRAM[0m
[0;32mI (541) heap_init: At 40097984 len 0000867C (33 KiB): IRAM[0m
[0;32mI (549) spi_flash: detected chip: generic[0m
[0;32mI (552) spi_flash: flash io: dio[0m
[0;33mW (556) i2c: This driver is an old driver, please migrate your application code to adapt `driver/i2c_master.h`[0m
[0;32mI (567) main_task: Started on CPU0[0m
[0;32mI (577) main_task: Calling app_main()[0m
Start
I (637) wifi:wifi driver task: 3ffc05d8, prio:23, stack:6656, core=0
I (657) wifi:wifi firmware version: a9f5b59
I (657) wifi:wifi certification version: v7.0
I (657) wifi:config NVS flash: enabled
I (657) wifi:config nano formating: disabled
I (667) wifi:Init data frame dynamic rx buffer num: 32
I (667) wifi:Init static rx mgmt buffer num: 5
I (677) wifi:Init management short buffer num: 32
I (677) wifi:Init dynamic tx buffer num: 32
I (687) wifi:Init static rx buffer size: 1600
I (687) wifi:Init static rx buffer num: 10
I (687) wifi:Init dynamic rx buffer num: 32
[0;32mI (697) wifi_init: rx ba win: 6[0m
[0;32mI (697) wifi_init: tcpip mbox: 32[0m
[0;32mI (707) wifi_init: udp mbox: 6[0m
[0;32mI (707) wifi_init: tcp mbox: 6[0m
[0;32mI (707) wifi_init: tcp tx win: 5760[0m
[0;32mI (717) wifi_init: tcp rx win: 5760[0m
[0;32mI (717) wifi_init: tcp mss: 1440[0m
[0;32mI (727) wifi_init: WiFi IRAM OP enabled[0m
[0;32mI (727) wifi_init: WiFi RX IRAM OP enabled[0m
[0;32mI (737) phy_init: phy_version 4791,2c4672b,Dec 20 2023,16:06:06[0m
I BOD: Brownout detector was triggered


ets Jul 29 2019 12:21:46

rst:0xc (SW_CPU_RESET),boot:0x13 (SPI_FAST_FLASH_BOOT)
configsip: 0, SPIWP:0xee
clk_drv:0x00,q_drv:0x00,d_drv:0x00,cs0_drv:0x00,hd_drv:0x00,wp_drv:0x00
mode:DIO, clock div:2
load:0x3fff0030,len:7172
load:0x40078000,len:15540
load:0x40080400,len:4
ho 8 tail 4 room 4
load:0x40080404,len:3904
entry 0x40080640
[0;32mI (31) boot: ESP-IDF v5.2.1-dirty 2nd stage bootloader[0m
[0;32mI (31) boot: compile time Apr 30 2024 09:37:04[0m
[0;32mI (31) boot: Multicore bootloader[0m
[0;32mI (36) boot: chip revision: v3.1[0m
[0;32mI (40) boot.esp32: SPI Speed      : 40MHz[0m
[0;32mI (44) boot.esp32: SPI Mode       : DIO[0m
[0;32mI (49) boot.esp32: SPI Flash Size : 4MB[0m
[0;32mI (53) boot: Enabling RNG early entropy source...[0m
[0;32mI (59) boot: Partition Table:[0m
[0;32mI (62) boot: ## Label            Usage          Type ST Offset   Length[0m
[0;32mI (70) boot:  0 nvs              WiFi data        01 02 00009000 00006000[0m
[0;32mI (77) boot:  1 phy_init         RF data          01 01 0000f000 00001000[0m
[0;32mI (84) boot:  2 factory          factory app      00 00 00010000 00100000[0m
[0;32mI (92) boot: End of partition table[0m
[0;32mI (96) esp_image: segment 0: paddr=00010020 vaddr=3f400020 size=291b4h (168372) map[0m
[0;32mI (162) esp_image: segment 1: paddr=000391dc vaddr=3ffb0000 size=03cfch ( 15612) load[0m
[0;32mI (168) esp_image: segment 2: paddr=0003cee0 vaddr=40080000 size=03138h ( 12600) load[0m
[0;32mI (174) esp_image: segment 3: paddr=00040020 vaddr=400d0020 size=9e0a4h (647332) map[0m
[0;32mI (398) esp_image: segment 4: paddr=000de0cc vaddr=40083138 size=1484ch ( 84044) load[0m
[0;32mI (443) boot: Loaded app from partition at offset 0x10000[0m
[0;32mI (443) boot: Disabling RNG early entropy source...[0m
[0;32mI (455) cpu_start: Multicore app[0m
[0;32mI (464) cpu_start: Pro cpu start user code[0m
[0;32mI (464) cpu_start: cpu freq: 160000000 Hz[0m
[0;32mI (464) cpu_start: Application information:[0m
[0;32mI (467) cpu_start: Project name:     smart_door_lock[0m
[0;32mI (472) cpu_start: App version:      1[0m
[0;32mI (477) cpu_start: Compile time:     Apr 30 2024 09:36:52[0m
[0;32mI (483) cpu_start: ELF file SHA256:  70375d126e4ce71c...[0m
[0;32mI (489) cpu_start: ESP-IDF:          v5.2.1-dirty[0m
[0;32mI (494) cpu_start: Min chip rev:     v0.0[0m
[0;32mI (499) cpu_start: Max chip rev:     v3.99 [0m
[0;32mI (504) cpu_start: Chip rev:         v3.1[0m
[0;32mI (509) heap_init: Initializing. RAM available for dynamic allocation:[0m
[0;32mI (516) heap_init: At 3FFAE6E0 len 00001920 (6 KiB): DRAM[0m
[0;32mI (522) heap_init: At 3FFB8530 len 00027AD0 (158 KiB): DRAM[0m
[0;32mI (528) heap_init: At 3FFE0440 len 00003AE0 (14 KiB): D/IRAM[0m
[0;32mI (534) heap_init: At 3FFE4350 len 0001BCB0 (111 KiB): D/IRAM[0m
[0;32mI (541) heap_init: At 40097984 len 0000867C (33 KiB): IRAM[0m
[0;32mI (549) spi_flash: detected chip: generic[0m
[0;32mI (552) spi_flash: flash io: dio[0m
[0;33mW (556) i2c: This driver is an old driver, please migrate your application code to adapt `driver/i2c_master.h`[0m
[0;32mI (567) main_task: Started on CPU0[0m
[0;32mI (577) main_task: Calling app_main()[0m
Start
I (637) wifi:wifi driver task: 3ffc05d8, prio:23, stack:6656, core=0
I (657) wifi:wifi firmware version: a9f5b59
I (657) wifi:wifi certification version: v7.0
I (657) wifi:config NVS flash: enabled
I (657) wifi:config nano formating: disabled
I (667) wifi:Init data frame dynamic rx buffer num: 32
I (667) wifi:Init static rx mgmt buffer num: 5
I (677) wifi:Init management short buffer num: 32
I (677) wifi:Init dynamic tx buffer num: 32
I (687) wifi:Init static rx buffer size: 1600
I (687) wifi:Init static rx buffer num: 10
I (687) wifi:Init dynamic rx buffer num: 32
[0;32mI (697) wifi_init: rx ba win: 6[0m
[0;32mI (697) wifi_init: tcpip mbox: 32[0m
[0;32mI (707) wifi_init: udp mbox: 6[0m
[0;32mI (707) wifi_init: tcp mbox: 6[0m
[0;32mI (707) wifi_init: tcp tx win: 5760[0m
[0;32mI (717) wifi_init: tcp rx win: 5760[0m
[0;32mI (717) wifi_init: tcp mss: 1440[0m
[0;32mI (727) wifi_init: WiFi IRAM OP enabled[0m
[0;32mI (727) wifi_init: WiFi RX IRAM OP enabled[0m
[0;32mI (737) phy_init: phy_version 4791,2c4672b,Dec 20 2023,16:06:06[0m
I BOD: Brownout detector was triggered


ets Jul 29 2019 12:21:46

rst:0xc (SW_CPU_RESET),boot:0x13 (SPI_FAST_FLASH_BOOT)
configsip: 0, SPIWP:0xee
clk_drv:0x00,q_drv:0x00,d_drv:0x00,cs0_drv:0x00,hd_drv:0x00,wp_drv:0x00
mode:DIO, clock div:2
load:0x3fff0030,len:7172
load:0x40078000,len:15540
load:0x40080400,len:4
ho 8 tail 4 room 4
load:0x40080404,len:3904
entry 0x40080640
[0;32mI (31) boot: ESP-IDF v5.2.1-dirty 2nd stage bootloader[0m
[0;32mI (31) boot: compile time Apr 30 2024 09:37:04[0m
[0;32mI (31) boot: Multicore bootloader[0m
[0;32mI (36) boot: chip revision: v3.1[0m
[0;32mI (40) boot.esp32: SPI Speed      : 40MHz[0m
[0;32mI (44) boot.esp32: SPI Mode       : DIO[0m
[0;32mI (49) boot.esp32: SPI Flash Size : 4MB[0m
[0;32mI (53) boot: Enabling RNG early entropy source...[0m
[0;32mI (59) boot: Partition Table:[0m
[0;32mI (62) boot: ## Label            Usage          Type ST Offset   Length[0m
[0;32mI (70) boot:  0 nvs              WiFi data        01 02 00009000 00006000[0m
[0;32mI (77) boot:  1 phy_init         RF data          01 01 0000f000 00001000[0m
[0;32mI (84) boot:  2 factory          factory app      00 00 00010000 00100000[0m
[0;32mI (92) boot: End of partition table[0m
[0;32mI (96) esp_image: segment 0: paddr=00010020 vaddr=3f400020 size=291b4h (168372) map[0m
[0;32mI (162) esp_image: segment 1: paddr=000391dc vaddr=3ffb0000 size=03cfch ( 15612) load[0m
[0;32mI (168) esp_image: segment 2: paddr=0003cee0 vaddr=40080000 size=03138h ( 12600) load[0m
[0;32mI (174) esp_image: segment 3: paddr=00040020 vaddr=400d0020 size=9e0a4h (647332) map[0m
[0;32mI (398) esp_image: segment 4: paddr=000de0cc vaddr=40083138 size=1484ch ( 84044) load[0m
[0;32mI (443) boot: Loaded app from partition at offset 0x10000[0m
[0;32mI (443) boot: Disabling RNG early entropy source...[0m
[0;32mI (455) cpu_start: Multicore app[0m
[0;32mI (464) cpu_start: Pro cpu start user code[0m
[0;32mI (464) cpu_start: cpu freq: 160000000 Hz[0m
[0;32mI (464) cpu_start: Application information:[0m
[0;32mI (467) cpu_start: Project name:     smart_door_lock[0m
[0;32mI (472) cpu_start: App version:      1[0m
[0;32mI (477) cpu_start: Compile time:     Apr 30 2024 09:36:52[0m
[0;32mI (483) cpu_start: ELF file SHA256:  70375d126e4ce71c...[0m
[0;32mI (489) cpu_start: ESP-IDF:          v5.2.1-dirty[0m
[0;32mI (494) cpu_start: Min chip rev:     v0.0[0m
[0;32mI (499) cpu_start: Max chip rev:     v3.99 [0m
[0;32mI (504) cpu_start: Chip rev:         v3.1[0m
[0;32mI (509) heap_init: Initializing. RAM available for dynamic allocation:[0m
[0;32mI (516) heap_init: At 3FFAE6E0 len 00001920 (6 KiB): DRAM[0m
[0;32mI (522) heap_init: At 3FFB8530 len 00027AD0 (158 KiB): DRAM[0m
[0;32mI (528) heap_init: At 3FFE0440 len 00003AE0 (14 KiB): D/IRAM[0m
[0;32mI (534) heap_init: At 3FFE4350 len 0001BCB0 (111 KiB): D/IRAM[0m
[0;32mI (541) heap_init: At 40097984 len 0000867C (33 KiB): IRAM[0m
[0;32mI (549) spi_flash: detected chip: generic[0m
[0;32mI (552) spi_flash: flash io: dio[0m
[0;33mW (556) i2c: This driver is an old driver, please migrate your application code to adapt `driver/i2c_master.h`[0m
[0;32mI (567) main_task: Started on CPU0[0m
[0;32mI (577) main_task: Calling app_main()[0m
Start
I (637) wifi:wifi driver task: 3ffc05d8, prio:23, stack:6656, core=0
I (657) wifi:wifi firmware version: a9f5b59
I (657) wifi:wifi certification version: v7.0
I (657) wifi:config NVS flash: enabled
I (657) wifi:config nano formating: disabled
I (667) wifi:Init data frame dynamic rx buffer num: 32
I (667) wifi:Init static rx mgmt buffer num: 5
I (677) wifi:Init management short buffer num: 32
I (677) wifi:Init dynamic tx buffer num: 32
I (687) wifi:Init static rx buffer size: 1600
I (687) wifi:Init static rx buffer num: 10
I (687) wifi:Init dynamic rx buffer num: 32
[0;32mI (697) wifi_init: rx ba win: 6[0m
[0;32mI (697) wifi_init: tcpip mbox: 32[0m
[0;32mI (707) wifi_init: udp mbox: 6[0m
[0;32mI (707) wifi_init: tcp mbox: 6[0m
[0;32mI (707) wifi_init: tcp tx win: 5760[0m
[0;32mI (717) wifi_init: tcp rx win: 5760[0m
[0;32mI (717) wifi_init: tcp mss: 1440[0m
[0;32mI (727) wifi_init: WiFi IRAM OP enabled[0m
[0;32mI (727) wifi_init: WiFi RX IRAM OP enabled[0m
[0;32mI (737) phy_init: phy_version 4791,2c4672b,Dec 20 2023,16:06:06[0m
I BOD: Brownout detector was triggered


ets Jul 29 2019 12:21:46

rst:0xc (SW_CPU_RESET),boot:0x13 (SPI_FAST_FLASH_BOOT)
configsip: 0, SPIWP:0xee
clk_drv:0x00,q_drv:0x00,d_drv:0x00,cs0_drv:0x00,hd_drv:0x00,wp_drv:0x00
mode:DIO, clock div:2
load:0x3fff0030,len:7172
load:0x40078000,len:15540
load:0x40080400,len:4
ho 8 tail 4 room 4
load:0x40080404,len:3904
entry 0x40080640
[0;32mI (31) boot: ESP-IDF v5.2.1-dirty 2nd stage bootloader[0m
[0;32mI (31) boot: compile time Apr 30 2024 09:37:04[0m
[0;32mI (31) boot: Multicore bootloader[0m
[0;32mI (36) boot: chip revision: v3.1[0m
[0;32mI (40) boot.esp32: SPI Speed      : 40MHz[0m
[0;32mI (44) boot.esp32: SPI Mode       : DIO[0m
[0;32mI (49) boot.esp32: SPI Flash Size : 4MB[0m
[0;32mI (53) boot: Enabling RNG early entropy source...[0m
[0;32mI (59) boot: Partition Table:[0m
[0;32mI (62) boot: ## Label            Usage          Type ST Offset   Length[0m
[0;32mI (70) boot:  0 nvs              WiFi data        01 02 00009000 00006000[0m
[0;32mI (77) boot:  1 phy_init         RF data          01 01 0000f000 00001000[0m
[0;32mI (84) boot:  2 factory          factory app      00 00 00010000 00100000[0m
[0;32mI (92) boot: End of partition table[0m
[0;32mI (96) esp_image: segment 0: paddr=00010020 vaddr=3f400020 size=291b4h (168372) map[0m
[0;32mI (162) esp_image: segment 1: paddr=000391dc vaddr=3ffb0000 size=03cfch ( 15612) load[0m
[0;32mI (168) esp_image: segment 2: paddr=0003cee0 vaddr=40080000 size=03138h ( 12600) load[0m
[0;32mI (174) esp_image: segment 3: paddr=00040020 vaddr=400d0020 size=9e0a4h (647332) map[0m
[0;32mI (398) esp_image: segment 4: paddr=000de0cc vaddr=40083138 size=1484ch ( 84044) load[0m
[0;32mI (443) boot: Loaded app from partition at offset 0x10000[0m
[0;32mI (443) boot: Disabling RNG early entropy source...[0m
[0;32mI (455) cpu_start: Multicore app[0m
[0;32mI (464) cpu_start: Pro cpu start user code[0m
[0;32mI (464) cpu_start: cpu freq: 160000000 Hz[0m
[0;32mI (464) cpu_start: Application information:[0m
[0;32mI (467) cpu_start: Project name:     smart_door_lock[0m
[0;32mI (472) cpu_start: App version:      1[0m
[0;32mI (477) cpu_start: Compile time:     Apr 30 2024 09:36:52[0m
[0;32mI (483) cpu_start: ELF file SHA256:  70375d126e4ce71c...[0m
[0;32mI (489) cpu_start: ESP-IDF:          v5.2.1-dirty[0m
[0;32mI (494) cpu_start: Min chip rev:     v0.0[0m
[0;32mI (499) cpu_start: Max chip rev:     v3.99 [0m
[0;32mI (504) cpu_start: Chip rev:         v3.1[0m
[0;32mI (509) heap_init: Initializing. RAM available for dynamic allocation:[0m
[0;32mI (516) heap_init: At 3FFAE6E0 len 00001920 (6 KiB): DRAM[0m
[0;32mI (522) heap_init: At 3FFB8530 len 00027AD0 (158 KiB): DRAM[0m
[0;32mI (528) heap_init: At 3FFE0440 len 00003AE0 (14 KiB): D/IRAM[0m
[0;32mI (534) heap_init: At 3FFE4350 len 0001BCB0 (111 KiB): D/IRAM[0m
[0;32mI (541) heap_init: At 40097984 len 0000867C (33 KiB): IRAM[0m
[0;32mI (549) spi_flash: detected chip: generic[0m
[0;32mI (552) spi_flash: flash io: dio[0m
[0;33mW (556) i2c: This driver is an old driver, please migrate your application code to adapt `driver/i2c_master.h`[0m
[0;32mI (567) main_task: Started on CPU0[0m
[0;32mI (577) main_task: Calling app_main()[0m
Start
I (637) wifi:wifi driver task: 3ffc05d8, prio:23, stack:6656, core=0
I (657) wifi:wifi firmware version: a9f5b59
I (657) wifi:wifi certification version: v7.0
I (657) wifi:config NVS flash: enabled
I (657) wifi:config nano formating: disabled
I (667) wifi:Init data frame dynamic rx buffer num: 32
I (667) wifi:Init static rx mgmt buffer num: 5
I (677) wifi:Init management short buffer num: 32
I (677) wifi:Init dynamic tx buffer num: 32
I (687) wifi:Init static rx buffer size: 1600
I (687) wifi:Init static rx buffer num: 10
I (687) wifi:Init dynamic rx buffer num: 32
[0;32mI (697) wifi_init: rx ba win: 6[0m
[0;32mI (697) wifi_init: tcpip mbox: 32[0m
[0;32mI (707) wifi_init: udp mbox: 6[0m
[0;32mI (707) wifi_init: tcp mbox: 6[0m
[0;32mI (707) wifi_init: tcp tx win: 5760[0m
[0;32mI (717) wifi_init: tcp rx win: 5760[0m
[0;32mI (717) wifi_init: tcp mss: 1440[0m
[0;32mI (727) wifi_init: WiFi IRAM OP enabled[0m
[0;32mI (727) wifi_init: WiFi RX IRAM OP enabled[0m
[0;32mI (737) phy_init: phy_version 4791,2c4672b,Dec 20 2023,16:06:06[0m
I BOD: Brownout detector was triggered


ets Jul 29 2019 12:21:46

rst:0xc (SW_CPU_RESET),boot:0x13 (SPI_FAST_FLASH_BOOT)
configsip: 0, SPIWP:0xee
clk_drv:0x00,q_drv:0x00,d_drv:0x00,cs0_drv:0x00,hd_drv:0x00,wp_drv:0x00
mode:DIO, clock div:2
load:0x3fff0030,len:7172
load:0x40078000,len:15540
load:0x40080400,len:4
ho 8 tail 4 room 4
load:0x40080404,len:3904
entry 0x40080640
[0;32mI (31) boot: ESP-IDF v5.2.1-dirty 2nd stage bootloader[0m
[0;32mI (31) boot: compile time Apr 30 2024 09:37:04[0m
[0;32mI (31) boot: Multicore bootloader[0m
[0;32mI (36) boot: chip revision: v3.1[0m
[0;32mI (40) boot.esp32: SPI Speed      : 40MHz[0m
[0;32mI (44) boot.esp32: SPI Mode       : DIO[0m
[0;32mI (49) boot.esp32: SPI Flash Size : 4MB[0m
[0;32mI (53) boot: Enabling RNG early entropy source...[0m
[0;32mI (59) boot: Partition Table:[0m
[0;32mI (62) boot: ## Label            Usage          Type ST Offset   Length[0m
[0;32mI (70) boot:  0 nvs              WiFi data        01 02 00009000 00006000[0m
[0;32mI (77) boot:  1 phy_init         RF data          01 01 0000f000 00001000[0m
[0;32mI (84) boot:  2 factory          factory app      00 00 00010000 00100000[0m
[0;32mI (92) boot: End of partition table[0m
[0;32mI (96) esp_image: segment 0: paddr=00010020 vaddr=3f400020 size=291b4h (168372) map[0m
[0;32mI (162) esp_image: segment 1: paddr=000391dc vaddr=3ffb0000 size=03cfch ( 15612) load[0m
[0;32mI (168) esp_image: segment 2: paddr=0003cee0 vaddr=40080000 size=03138h ( 12600) load[0m
[0;32mI (174) esp_image: segment 3: paddr=00040020 vaddr=400d0020 size=9e0a4h (647332) map[0m
[0;32mI (398) esp_image: segment 4: paddr=000de0cc vaddr=40083138 size=1484ch ( 84044) load[0m
[0;32mI (443) boot: Loaded app from partition at offset 0x10000[0m
[0;32mI (443) boot: Disabling RNG early entropy source...[0m
[0;32mI (455) cpu_start: Multicore app[0m
[0;32mI (464) cpu_start: Pro cpu start user code[0m
[0;32mI (464) cpu_start: cpu freq: 160000000 Hz[0m
[0;32mI (464) cpu_start: Application information:[0m
[0;32mI (467) cpu_start: Project name:     smart_door_lock[0m
[0;32mI (472) cpu_start: App version:      1[0m
[0;32mI (477) cpu_start: Compile time:     Apr 30 2024 09:36:52[0m
[0;32mI (483) cpu_start: ELF file SHA256:  70375d126e4ce71c...[0m
[0;32mI (489) cpu_start: ESP-IDF:          v5.2.1-dirty[0m
[0;32mI (494) cpu_start: Min chip rev:     v0.0[0m
[0;32mI (499) cpu_start: Max chip rev:     v3.99 [0m
[0;32mI (504) cpu_start: Chip rev:         v3.1[0m
[0;32mI (509) heap_init: Initializing. RAM available for dynamic allocation:[0m
[0;32mI (516) heap_init: At 3FFAE6E0 len 00001920 (6 KiB): DRAM[0m
[0;32mI (522) heap_init: At 3FFB8530 len 00027AD0 (158 KiB): DRAM[0m
[0;32mI (528) heap_init: At 3FFE0440 len 00003AE0 (14 KiB): D/IRAM[0m
[0;32mI (534) heap_init: At 3FFE4350 len 0001BCB0 (111 KiB): D/IRAM[0m
[0;32mI (541) heap_init: At 40097984 len 0000867C (33 KiB): IRAM[0m
[0;32mI (549) spi_flash: detected chip: generic[0m
[0;32mI (552) spi_flash: flash io: dio[0m
[0;33mW (556) i2c: This driver is an old driver, please migrate your application code to adapt `driver/i2c_master.h`[0m
[0;32mI (567) main_task: Started on CPU0[0m
[0;32mI (577) main_task: Calling app_main()[0m
Start
I (637) wifi:wifi driver task: 3ffc05d8, prio:23, stack:6656, core=0
I (657) wifi:wifi firmware version: a9f5b59
I (657) wifi:wifi certification version: v7.0
I (657) wifi:config NVS flash: enabled
I (657) wifi:config nano formating: disabled
I (667) wifi:Init data frame dynamic rx buffer num: 32
I (667) wifi:Init static rx mgmt buffer num: 5
I (677) wifi:Init management short buffer num: 32
I (677) wifi:Init dynamic tx buffer num: 32
I (687) wifi:Init static rx buffer size: 1600
I (687) wifi:Init static rx buffer num: 10
I (687) wifi:Init dynamic rx buffer num: 32
[0;32mI (697) wifi_init: rx ba win: 6[0m
[0;32mI (697) wifi_init: tcpip mbox: 32[0m
[0;32mI (707) wifi_init: udp mbox: 6[0m
[0;32mI (707) wifi_init: tcp mbox: 6[0m
[0;32mI (707) wifi_init: tcp tx win: 5760[0m
[0;32mI (717) wifi_init: tcp rx win: 5760[0m
[0;32mI (717) wifi_init: tcp mss: 1440[0m
[0;32mI (717) wifi_init: WiFi IRAM OP enabled[0m
[0;32mI (727) wifi_init: WiFi RX IRAM OP enabled[0m
[0;32mI (737) phy_init: phy_version 4791,2c4672b,Dec 20 2023,16:06:06[0m
I BOD: Brownout detector was triggered


ets Jul 29 2019 12:21:46

rst:0xc (SW_CPU_RESET),boot:0x13 (SPI_FAST_FLASH_BOOT)
configsip: 0, SPIWP:0xee
clk_drv:0x00,q_drv:0x00,d_drv:0x00,cs0_drv:0x00,hd_drv:0x00,wp_drv:0x00
mode:DIO, clock div:2
load:0x3fff0030,len:7172
load:0x40078000,len:15540
load:0x40080400,len:4
ho 8 tail 4 room 4
load:0x40080404,len:3904
entry 0x40080640
[0;32mI (31) boot: ESP-IDF v5.2.1-dirty 2nd stage bootloader[0m
[0;32mI (31) boot: compile time Apr 30 2024 09:37:04[0m
[0;32mI (31) boot: Multicore bootloader[0m
[0;32mI (36) boot: chip revision: v3.1[0m
[0;32mI (40) boot.esp32: SPI Speed      : 40MHz[0m
[0;32mI (44) boot.esp32: SPI Mode       : DIO[0m
[0;32mI (49) boot.esp32: SPI Flash Size : 4MB[0m
[0;32mI (53) boot: Enabling RNG early entropy source...[0m
[0;32mI (59) boot: Partition Table:[0m
[0;32mI (62) boot: ## Label            Usage          Type ST Offset   Length[0m
[0;32mI (70) boot:  0 nvs              WiFi data        01 02 00009000 00006000[0m
[0;32mI (77) boot:  1 phy_init         RF data          01 01 0000f000 00001000[0m
[0;32mI (84) boot:  2 factory          factory app      00 00 00010000 00100000[0m
[0;32mI (92) boot: End of partition table[0m
[0;32mI (96) esp_image: segment 0: paddr=00010020 vaddr=3f400020 size=291b4h (168372) map[0m
[0;32mI (162) esp_image: segment 1: paddr=000391dc vaddr=3ffb0000 size=03cfch ( 15612) load[0m
[0;32mI (168) esp_image: segment 2: paddr=0003cee0 vaddr=40080000 size=03138h ( 12600) load[0m
[0;32mI (174) esp_image: segment 3: paddr=00040020 vaddr=400d0020 size=9e0a4h (647332) map[0m
[0;32mI (398) esp_image: segment 4: paddr=000de0cc vaddr=40083138 size=1484ch ( 84044) load[0m
[0;32mI (443) boot: Loaded app from partition at offset 0x10000[0m
[0;32mI (443) boot: Disabling RNG early entropy source...[0m
[0;32mI (455) cpu_start: Multicore app[0m
[0;32mI (464) cpu_start: Pro cpu start user code[0m
[0;32mI (464) cpu_start: cpu freq: 160000000 Hz[0m
[0;32mI (464) cpu_start: Application information:[0m
[0;32mI (467) cpu_start: Project name:     smart_door_lock[0m
[0;32mI (472) cpu_start: App version:      1[0m
[0;32mI (477) cpu_start: Compile time:     Apr 30 2024 09:36:52[0m
[0;32mI (483) cpu_start: ELF file SHA256:  70375d126e4ce71c...[0m
[0;32mI (489) cpu_start: ESP-IDF:          v5.2.1-dirty[0m
[0;32mI (494) cpu_start: Min chip rev:     v0.0[0m
[0;32mI (499) cpu_start: Max chip rev:     v3.99 [0m
[0;32mI (504) cpu_start: Chip rev:         v3.1[0m
[0;32mI (509) heap_init: Initializing. RAM available for dynamic allocation:[0m
[0;32mI (516) heap_init: At 3FFAE6E0 len 00001920 (6 KiB): DRAM[0m
[0;32mI (522) heap_init: At 3FFB8530 len 00027AD0 (158 KiB): DRAM[0m
[0;32mI (528) heap_init: At 3FFE0440 len 00003AE0 (14 KiB): D/IRAM[0m
[0;32mI (534) heap_init: At 3FFE4350 len 0001BCB0 (111 KiB): D/IRAM[0m
[0;32mI (541) heap_init: At 40097984 len 0000867C (33 KiB): IRAM[0m
[0;32mI (549) spi_flash: detected chip: generic[0m
[0;32mI (552) spi_flash: flash io: dio[0m
[0;33mW (556) i2c: This driver is an old driver, please migrate your application code to adapt `driver/i2c_master.h`[0m
[0;32mI (567) main_task: Started on CPU0[0m
[0;32mI (577) main_task: Calling app_main()[0m
Start
I (637) wifi:wifi driver task: 3ffc05d8, prio:23, stack:6656, core=0
I (657) wifi:wifi firmware version: a9f5b59
I (657) wifi:wifi certification version: v7.0
I (657) wifi:config NVS flash: enabled
I (657) wifi:config nano formating: disabled
I (667) wifi:Init data frame dynamic rx buffer num: 32
I (667) wifi:Init static rx mgmt buffer num: 5
I (677) wifi:Init management short buffer num: 32
I (677) wifi:Init dynamic tx buffer num: 32
I (687) wifi:Init static rx buffer size: 1600
I (687) wifi:Init static rx buffer num: 10
I (687) wifi:Init dynamic rx buffer num: 32
[0;32mI (697) wifi_init: rx ba win: 6[0m
[0;32mI (697) wifi_init: tcpip mbox: 32[0m
[0;32mI (707) wifi_init: udp mbox: 6[0m
[0;32mI (707) wifi_init: tcp mbox: 6[0m
[0;32mI (707) wifi_init: tcp tx win: 5760[0m
[0;32mI (717) wifi_init: tcp rx win: 5760[0m
[0;32mI (717) wifi_init: tcp mss: 1440[0m
[0;32mI (727) wifi_init: WiFi IRAM OP enabled[0m
[0;32mI (727) wifi_init: WiFi RX IRAM OP enabled[0m
[0;32mI (737) phy_init: phy_version 4791,2c4672b,Dec 20 2023,16:06:06[0m
I BOD: Brownout detector was triggered


ets Jul 29 2019 12:21:46

rst:0xc (SW_CPU_RESET),boot:0x13 (SPI_FAST_FLASH_BOOT)
configsip: 0, SPIWP:0xee
clk_drv:0x00,q_drv:0x00,d_drv:0x00,cs0_drv:0x00,hd_drv:0x00,wp_drv:0x00
mode:DIO, clock div:2
load:0x3fff0030,len:7172
load:0x40078000,len:15540
load:0x40080400,len:4
ho 8 tail 4 room 4
load:0x40080404,len:3904
entry 0x40080640
[0;32mI (31) boot: ESP-IDF v5.2.1-dirty 2nd stage bootloader[0m
[0;32mI (31) boot: compile time Apr 30 2024 09:37:04[0m
[0;32mI (31) boot: Multicore bootloader[0m
[0;32mI (36) boot: chip revision: v3.1[0m
[0;32mI (40) boot.esp32: SPI Speed      : 40MHz[0m
[0;32mI (44) boot.esp32: SPI Mode       : DIO[0m
[0;32mI (49) boot.esp32: SPI Flash Size : 4MB[0m
[0;32mI (53) boot: Enabling RNG early entropy source...[0m
[0;32mI (59) boot: Partition Table:[0m
[0;32mI (62) boot: ## Label            Usage          Type ST Offset   Length[0m
[0;32mI (70) boot:  0 nvs              WiFi data        01 02 00009000 00006000[0m
[0;32mI (77) boot:  1 phy_init         RF data          01 01 0000f000 00001000[0m
[0;32mI (84) boot:  2 factory          factory app      00 00 00010000 00100000[0m
[0;32mI (92) boot: End of partition table[0m
[0;32mI (96) esp_image: segment 0: paddr=00010020 vaddr=3f400020 size=291b4h (168372) map[0m
[0;32mI (162) esp_image: segment 1: paddr=000391dc vaddr=3ffb0000 size=03cfch ( 15612) load[0m
[0;32mI (168) esp_image: segment 2: paddr=0003cee0 vaddr=40080000 size=03138h ( 12600) load[0m
[0;32mI (174) esp_image: segment 3: paddr=00040020 vaddr=400d0020 size=9e0a4h (647332) map[0m
[0;32mI (398) esp_image: segment 4: paddr=000de0cc vaddr=40083138 size=1484ch ( 84044) load[0m
[0;32mI (443) boot: Loaded app from partition at offset 0x10000[0m
[0;32mI (443) boot: Disabling RNG early entropy source...[0m
[0;32mI (455) cpu_start: Multicore app[0m
[0;32mI (464) cpu_start: Pro cpu start user code[0m
[0;32mI (464) cpu_start: cpu freq: 160000000 Hz[0m
[0;32mI (464) cpu_start: Application information:[0m
[0;32mI (467) cpu_start: Project name:     smart_door_lock[0m
[0;32mI (472) cpu_start: App version:      1[0m
[0;32mI (477) cpu_start: Compile time:     Apr 30 2024 09:36:52[0m
[0;32mI (483) cpu_start: ELF file SHA256:  70375d126e4ce71c...[0m
[0;32mI (489) cpu_start: ESP-IDF:          v5.2.1-dirty[0m
[0;32mI (494) cpu_start: Min chip rev:     v0.0[0m
[0;32mI (499) cpu_start: Max chip rev:     v3.99 [0m
[0;32mI (504) cpu_start: Chip rev:         v3.1[0m
[0;32mI (509) heap_init: Initializing. RAM available for dynamic allocation:[0m
[0;32mI (516) heap_init: At 3FFAE6E0 len 00001920 (6 KiB): DRAM[0m
[0;32mI (522) heap_init: At 3FFB8530 len 00027AD0 (158 KiB): DRAM[0m
[0;32mI (528) heap_init: At 3FFE0440 len 00003AE0 (14 KiB): D/IRAM[0m
[0;32mI (534) heap_init: At 3FFE4350 len 0001BCB0 (111 KiB): D/IRAM[0m
[0;32mI (541) heap_init: At 40097984 len 0000867C (33 KiB): IRAM[0m
[0;32mI (549) spi_flash: detected chip: generic[0m
[0;32mI (552) spi_flash: flash io: dio[0m
[0;33mW (556) i2c: This driver is an old driver, please migrate your application code to adapt `driver/i2c_master.h`[0m
[0;32mI (567) main_task: Started on CPU0[0m
[0;32mI (577) main_task: Calling app_main()[0m
Start
I (637) wifi:wifi driver task: 3ffc05d8, prio:23, stack:6656, core=0
I (657) wifi:wifi firmware version: a9f5b59
I (657) wifi:wifi certification version: v7.0
I (657) wifi:config NVS flash: enabled
I (657) wifi:config nano formating: disabled
I (667) wifi:Init data frame dynamic rx buffer num: 32
I (667) wifi:Init static rx mgmt buffer num: 5
I (677) wifi:Init management short buffer num: 32
I (677) wifi:Init dynamic tx buffer num: 32
I (687) wifi:Init static rx buffer size: 1600
I (687) wifi:Init static rx buffer num: 10
I (687) wifi:Init dynamic rx buffer num: 32
[0;32mI (697) wifi_init: rx ba win: 6[0m
[0;32mI (697) wifi_init: tcpip mbox: 32[0m
[0;32mI (707) wifi_init: udp mbox: 6[0m
[0;32mI (707) wifi_init: tcp mbox: 6[0m
[0;32mI (707) wifi_init: tcp tx win: 5760[0m
[0;32mI (717) wifi_init: tcp rx win: 5760[0m
[0;32mI (717) wifi_init: tcp mss: 1440[0m
[0;32mI (727) wifi_init: WiFi IRAM OP enabled[0m
[0;32mI (727) wifi_init: WiFi RX IRAM OP enabled[0m
[0;32mI (737) phy_init: phy_version 4791,2c4672b,Dec 20 2023,16:06:06[0m
I BOD: Brownout detector was triggered


ets Jul 29 2019 12:21:46

rst:0xc (SW_CPU_RESET),boot:0x13 (SPI_FAST_FLASH_BOOT)
configsip: 0, SPIWP:0xee
